Command line invocation:
    /Applications/Xcode.app/Contents/Developer/usr/bin/xcodebuild -project "Web Studio.xcodeproj" -scheme "Web Studio" -configuration Debug -destination platform=macOS,arch=arm64 -derivedDataPath /private/tmp/web-studio-final CODE_SIGN_IDENTITY=- CODE_SIGN_STYLE=Manual DEVELOPMENT_TEAM= build

Build settings from command line:
    CODE_SIGN_IDENTITY = -
    CODE_SIGN_STYLE = Manual
    DEVELOPMENT_TEAM = 

Resolve Package Graph


Resolved source packages:
  swift-argument-parser: https://github.com/apple/swift-argument-parser @ 1.8.2
  SwiftTerm: https://github.com/migueldeicaza/SwiftTerm.git @ 1.14.0

2026-09-12 22:58:58.632 xcodebuild[96307:26081783] [MT] IDERunDestination: Supported platforms for the buildables in the current scheme is empty.
note: Using codesigning identity override: -
ComputePackagePrebuildTargetDependencyGraph

Prepare packages

CreateBuildRequest

SendProjectDescription

CreateBuildOperation

ComputeTargetDependencyGraph
note: Building targets in dependency order
note: Target dependency graph (4 targets)
    Target 'Web Studio' in project 'Web Studio'
        ➜ Explicit dependency on target 'SwiftTerm' in project 'SwiftTerm'
    Target 'SwiftTerm' in project 'SwiftTerm'
        ➜ Explicit dependency on target 'SwiftTerm' in project 'SwiftTerm'
        ➜ Explicit dependency on target 'SwiftTerm_SwiftTerm' in project 'SwiftTerm'
    Target 'SwiftTerm' in project 'SwiftTerm'
        ➜ Explicit dependency on target 'SwiftTerm_SwiftTerm' in project 'SwiftTerm'
    Target 'SwiftTerm_SwiftTerm' in project 'SwiftTerm' (no dependencies)

GatherProvisioningInputs

CreateBuildDescription

ExecuteExternalTool /Applications/Xcode.app/Contents/Developer/Toolchains/XcodeDefault.xctoolchain/usr/bin/clang -v -E -dM -isysroot /Applications/Xcode.app/Contents/Developer/Platforms/MacOSX.platform/Developer/SDKs/MacOSX26.5.sdk -x c -c /dev/null

ExecuteExternalTool /Applications/Xcode.app/Contents/Developer/Toolchains/XcodeDefault.xctoolchain/usr/bin/clang -v -E -dM -arch arm64 -isysroot /Applications/Xcode.app/Contents/Developer/Platforms/MacOSX.platform/Developer/SDKs/MacOSX26.5.sdk -x c -c /dev/null

ExecuteExternalTool /Applications/Xcode.app/Contents/Developer/Toolchains/XcodeDefault.xctoolchain/usr/bin/swiftc --version

ExecuteExternalTool /Applications/Xcode.app/Contents/Developer/Toolchains/XcodeDefault.xctoolchain/usr/bin/ld -version_details

ExecuteExternalTool /Applications/Xcode.app/Contents/Developer/usr/bin/actool --version --output-format xml1

ReadFileContents /Applications/Xcode.app/Contents/Developer/Toolchains/XcodeDefault.xctoolchain/usr/share/docc/features.json

Build description signature: ba31c05f9d54d80391076c9d02965f0d
Build description path: /tmp/web-studio-final/Build/Intermediates.noindex/XCBuildData/ba31c05f9d54d80391076c9d02965f0d.xcbuilddata
warning: missing creator for mutated node: ('/tmp/web-studio-final/Build/Products/Debug/SwiftTerm_SwiftTerm.bundle/Contents/MacOS') (in target 'SwiftTerm_SwiftTerm' from project 'SwiftTerm')
ProcessInfoPlistFile /tmp/web-studio-final/Build/Products/Debug/SwiftTerm_SwiftTerm.bundle/Contents/Info.plist /tmp/web-studio-final/Build/Intermediates.noindex/SwiftTerm.build/Debug/SwiftTerm_SwiftTerm.build/empty-SwiftTerm_SwiftTerm.plist (in target 'SwiftTerm_SwiftTerm' from project 'SwiftTerm')
    cd /tmp/web-studio-final/SourcePackages/checkouts/SwiftTerm
    builtin-infoPlistUtility /tmp/web-studio-final/Build/Intermediates.noindex/SwiftTerm.build/Debug/SwiftTerm_SwiftTerm.build/empty-SwiftTerm_SwiftTerm.plist -producttype com.apple.product-type.bundle -expandbuildsettings -platform macosx -o /tmp/web-studio-final/Build/Products/Debug/SwiftTerm_SwiftTerm.bundle/Contents/Info.plist

ClangStatCache /Applications/Xcode.app/Contents/Developer/Toolchains/XcodeDefault.xctoolchain/usr/bin/clang-stat-cache /Applications/Xcode.app/Contents/Developer/Platforms/MacOSX.platform/Developer/SDKs/MacOSX26.5.sdk /tmp/web-studio-final/SDKStatCaches.noindex/macosx26.5-25F70-688ef53f1462e2c8f657fdc38a81448fe082c4a02f00227109f4ed75e425c832.sdkstatcache
    cd /Users/huaodong/workspace/Web\ Studio/Web\ Studio.xcodeproj
    /Applications/Xcode.app/Contents/Developer/Toolchains/XcodeDefault.xctoolchain/usr/bin/clang-stat-cache /Applications/Xcode.app/Contents/Developer/Platforms/MacOSX.platform/Developer/SDKs/MacOSX26.5.sdk -o /tmp/web-studio-final/SDKStatCaches.noindex/macosx26.5-25F70-688ef53f1462e2c8f657fdc38a81448fe082c4a02f00227109f4ed75e425c832.sdkstatcache

SwiftDriver Web\ Studio normal arm64 com.apple.xcode.tools.swift.compiler (in target 'Web Studio' from project 'Web Studio')
    cd /Users/huaodong/workspace/Web\ Studio
    builtin-SwiftDriver -- /Applications/Xcode.app/Contents/Developer/Toolchains/XcodeDefault.xctoolchain/usr/bin/swiftc -module-name Web_Studio -Onone @/tmp/web-studio-final/Build/Intermediates.noindex/Web\ Studio.build/Debug/Web\ Studio.build/Objects-normal/arm64/Web\ Studio.SwiftFileList -DDEBUG -default-isolation\=MainActor -enable-bare-slash-regex -enable-upcoming-feature DisableOutwardActorInference -enable-upcoming-feature InferSendableFromCaptures -enable-upcoming-feature GlobalActorIsolatedTypesUsability -enable-upcoming-feature MemberImportVisibility -enable-upcoming-feature InferIsolatedConformances -enable-upcoming-feature NonisolatedNonsendingByDefault -enable-experimental-feature DebugDescriptionMacro -sdk /Applications/Xcode.app/Contents/Developer/Platforms/MacOSX.platform/Developer/SDKs/MacOSX26.5.sdk -target arm64-apple-macos26.5 -g -module-cache-path /tmp/web-studio-final/ModuleCache.noindex -Xfrontend -serialize-debugging-options -profile-coverage-mapping -profile-generate -enable-testing -index-store-path /tmp/web-studio-final/Index.noindex/DataStore -Xcc -D_LIBCPP_HARDENING_MODE\=_LIBCPP_HARDENING_MODE_DEBUG -swift-version 5 -I /tmp/web-studio-final/Build/Products/Debug -F /tmp/web-studio-final/Build/Products/Debug/PackageFrameworks -F /tmp/web-studio-final/Build/Products/Debug -emit-localized-strings -emit-localized-strings-path /tmp/web-studio-final/Build/Intermediates.noindex/Web\ Studio.build/Debug/Web\ Studio.build/Objects-normal/arm64 -c -j10 -enable-batch-mode -incremental -Xcc -ivfsstatcache -Xcc /tmp/web-studio-final/SDKStatCaches.noindex/macosx26.5-25F70-688ef53f1462e2c8f657fdc38a81448fe082c4a02f00227109f4ed75e425c832.sdkstatcache -output-file-map /tmp/web-studio-final/Build/Intermediates.noindex/Web\ Studio.build/Debug/Web\ Studio.build/Objects-normal/arm64/Web\ Studio-OutputFileMap.json -use-frontend-parseable-output -save-temps -no-color-diagnostics -explicit-module-build -module-cache-path /tmp/web-studio-final/Build/Intermediates.noindex/SwiftExplicitPrecompiledModules -clang-scanner-module-cache-path /tmp/web-studio-final/ModuleCache.noindex -sdk-module-cache-path /tmp/web-studio-final/ModuleCache.noindex -serialize-diagnostics -emit-dependencies -emit-module -emit-module-path /tmp/web-studio-final/Build/Intermediates.noindex/Web\ Studio.build/Debug/Web\ Studio.build/Objects-normal/arm64/Web_Studio.swiftmodule -validate-clang-modules-once -clang-build-session-file /tmp/web-studio-final/ModuleCache.noindex/Session.modulevalidation -Xcc -I/tmp/web-studio-final/Build/Intermediates.noindex/Web\ Studio.build/Debug/Web\ Studio.build/swift-overrides.hmap -emit-const-values -Xfrontend -const-gather-protocols-file -Xfrontend /tmp/web-studio-final/Build/Intermediates.noindex/Web\ Studio.build/Debug/Web\ Studio.build/Objects-normal/arm64/Web\ Studio_const_extract_protocols.json -Xcc -iquote -Xcc /tmp/web-studio-final/Build/Intermediates.noindex/Web\ Studio.build/Debug/Web\ Studio.build/Web\ Studio-generated-files.hmap -Xcc -I/tmp/web-studio-final/Build/Intermediates.noindex/Web\ Studio.build/Debug/Web\ Studio.build/Web\ Studio-own-target-headers.hmap -Xcc -I/tmp/web-studio-final/Build/Intermediates.noindex/Web\ Studio.build/Debug/Web\ Studio.build/Web\ Studio-all-non-framework-target-headers.hmap -Xcc -ivfsoverlay -Xcc /tmp/web-studio-final/Build/Intermediates.noindex/Web\ Studio.build/Debug/Web\ Studio-05bbc44994b91f37e3585941f4bbdee6-VFS/all-product-headers.yaml -Xcc -iquote -Xcc /tmp/web-studio-final/Build/Intermediates.noindex/Web\ Studio.build/Debug/Web\ Studio.build/Web\ Studio-project-headers.hmap -Xcc -I/tmp/web-studio-final/Build/Products/Debug/include -Xcc -I/tmp/web-studio-final/Build/Intermediates.noindex/Web\ Studio.build/Debug/Web\ Studio.build/DerivedSources-normal/arm64 -Xcc -I/tmp/web-studio-final/Build/Intermediates.noindex/Web\ Studio.build/Debug/Web\ Studio.build/DerivedSources/arm64 -Xcc -I/tmp/web-studio-final/Build/Intermediates.noindex/Web\ Studio.build/Debug/Web\ Studio.build/DerivedSources -Xcc -DDEBUG\=1 -emit-objc-header -emit-objc-header-path /tmp/web-studio-final/Build/Intermediates.noindex/Web\ Studio.build/Debug/Web\ Studio.build/Objects-normal/arm64/Web_Studio-Swift.h -import-objc-header /Users/huaodong/workspace/Web\ Studio/Web\ Studio/Web\ Studio-Bridging-Header.h -working-directory /Users/huaodong/workspace/Web\ Studio -experimental-emit-module-separately -disable-cmo

ProcessInfoPlistFile /tmp/web-studio-final/Build/Products/Debug/Web\ Studio.app/Contents/Info.plist /tmp/web-studio-final/Build/Intermediates.noindex/Web\ Studio.build/Debug/Web\ Studio.build/empty-Web\ Studio.plist (in target 'Web Studio' from project 'Web Studio')
    cd /Users/huaodong/workspace/Web\ Studio
    builtin-infoPlistUtility /tmp/web-studio-final/Build/Intermediates.noindex/Web\ Studio.build/Debug/Web\ Studio.build/empty-Web\ Studio.plist -producttype com.apple.product-type.application -genpkginfo /tmp/web-studio-final/Build/Products/Debug/Web\ Studio.app/Contents/PkgInfo -expandbuildsettings -platform macosx -additionalcontentfile /tmp/web-studio-final/Build/Intermediates.noindex/Web\ Studio.build/Debug/Web\ Studio.build/assetcatalog_generated_info.plist -scanforprivacyfile /tmp/web-studio-final/Build/Products/Debug/Web\ Studio.app/Contents/Resources/SwiftTerm_SwiftTerm.bundle -o /tmp/web-studio-final/Build/Products/Debug/Web\ Studio.app/Contents/Info.plist

SwiftGeneratePch normal arm64 Compiling\ bridging\ header (in target 'Web Studio' from project 'Web Studio')

SwiftDriverJobDiscovery normal arm64 Compiling bridging header (in target 'Web Studio' from project 'Web Studio')

SwiftCompile normal arm64 Compiling\ AgentViews.swift /Users/huaodong/workspace/Web\ Studio/Web\ Studio/AgentViews.swift (in target 'Web Studio' from project 'Web Studio')

SwiftCompile normal arm64 /Users/huaodong/workspace/Web\ Studio/Web\ Studio/AgentViews.swift (in target 'Web Studio' from project 'Web Studio')
    cd /Users/huaodong/workspace/Web\ Studio
    

SwiftEmitModule normal arm64 Emitting\ module\ for\ Web_Studio (in target 'Web Studio' from project 'Web Studio')

EmitSwiftModule normal arm64 (in target 'Web Studio' from project 'Web Studio')
    cd /Users/huaodong/workspace/Web\ Studio
    
/Users/huaodong/workspace/Web Studio/Web Studio/AgentController.swift:17:70: warning: call to main actor-isolated initializer 'init(credentials:provider:)' in a synchronous nonisolated context
    init(store: ResourceStore, service: ConfiguredResponsesService = ConfiguredResponsesService(), configuration: ProviderConfiguration? = nil, reader: (@Sendable (UUID, Int) async -> ResourceSnapshot)? = nil) { self.store = store; self.service = service; self.configuration = configuration; self.reader = reader ?? { id, limit in await store.read(resourceID: id, maxCharacters: limit) } }
                                                                     ^
/Users/huaodong/workspace/Web Studio/Web Studio/AgentService.swift:84:5: note: calls to initializer 'init(credentials:provider:)' from outside of its actor context are implicitly asynchronous
    init(credentials: any CredentialStore = KeychainCredentialStore(), provider: any ResponsesProvider = URLSessionResponsesProvider()) { self.credentials = credentials; self.provider = provider }
    ^
/Users/huaodong/workspace/Web Studio/Web Studio/ProviderSettings.swift:30:45: warning: call to main actor-isolated initializer 'init()' in a synchronous nonisolated context
    init(credentials: any CredentialStore = KeychainCredentialStore(), defaults: UserDefaults = .standard) {
                                            ^
/Users/huaodong/workspace/Web Studio/Web Studio/AgentService.swift:35:7: note: calls to initializer 'init()' from outside of its actor context are implicitly asynchronous
actor KeychainCredentialStore: CredentialStore {
      ^
/Users/huaodong/workspace/Web Studio/Web Studio/AgentService.swift:35:7: note: main actor isolation inferred from conformance to protocol 'CredentialStore'
actor KeychainCredentialStore: CredentialStore {
      ^

SwiftCompile normal arm64 Compiling\ ContentView.swift /Users/huaodong/workspace/Web\ Studio/Web\ Studio/ContentView.swift (in target 'Web Studio' from project 'Web Studio')
SwiftCompile normal arm64 /Users/huaodong/workspace/Web\ Studio/Web\ Studio/ContentView.swift (in target 'Web Studio' from project 'Web Studio')
    cd /Users/huaodong/workspace/Web\ Studio
    
/Users/huaodong/workspace/Web Studio/Web Studio/AgentController.swift:17:70: warning: call to main actor-isolated initializer 'init(credentials:provider:)' in a synchronous nonisolated context
    init(store: ResourceStore, service: ConfiguredResponsesService = ConfiguredResponsesService(), configuration: ProviderConfiguration? = nil, reader: (@Sendable (UUID, Int) async -> ResourceSnapshot)? = nil) { self.store = store; self.service = service; self.configuration = configuration; self.reader = reader ?? { id, limit in await store.read(resourceID: id, maxCharacters: limit) } }
                                                                     ^
/Users/huaodong/workspace/Web Studio/Web Studio/AgentService.swift:84:5: note: calls to initializer 'init(credentials:provider:)' from outside of its actor context are implicitly asynchronous
    init(credentials: any CredentialStore = KeychainCredentialStore(), provider: any ResponsesProvider = URLSessionResponsesProvider()) { self.credentials = credentials; self.provider = provider }
    ^

SwiftCompile normal arm64 Compiling\ StudioDesign.swift /Users/huaodong/workspace/Web\ Studio/Web\ Studio/StudioDesign.swift (in target 'Web Studio' from project 'Web Studio')

SwiftCompile normal arm64 /Users/huaodong/workspace/Web\ Studio/Web\ Studio/StudioDesign.swift (in target 'Web Studio' from project 'Web Studio')
    cd /Users/huaodong/workspace/Web\ Studio
    

SwiftDriverJobDiscovery normal arm64 Emitting module for Web_Studio (in target 'Web Studio' from project 'Web Studio')

SwiftDriver\ Compilation\ Requirements Web\ Studio normal arm64 com.apple.xcode.tools.swift.compiler (in target 'Web Studio' from project 'Web Studio')
    cd /Users/huaodong/workspace/Web\ Studio
    builtin-Swift-Compilation-Requirements -- /Applications/Xcode.app/Contents/Developer/Toolchains/XcodeDefault.xctoolchain/usr/bin/swiftc -module-name Web_Studio -Onone @/tmp/web-studio-final/Build/Intermediates.noindex/Web\ Studio.build/Debug/Web\ Studio.build/Objects-normal/arm64/Web\ Studio.SwiftFileList -DDEBUG -default-isolation\=MainActor -enable-bare-slash-regex -enable-upcoming-feature DisableOutwardActorInference -enable-upcoming-feature InferSendableFromCaptures -enable-upcoming-feature GlobalActorIsolatedTypesUsability -enable-upcoming-feature MemberImportVisibility -enable-upcoming-feature InferIsolatedConformances -enable-upcoming-feature NonisolatedNonsendingByDefault -enable-experimental-feature DebugDescriptionMacro -sdk /Applications/Xcode.app/Contents/Developer/Platforms/MacOSX.platform/Developer/SDKs/MacOSX26.5.sdk -target arm64-apple-macos26.5 -g -module-cache-path /tmp/web-studio-final/ModuleCache.noindex -Xfrontend -serialize-debugging-options -profile-coverage-mapping -profile-generate -enable-testing -index-store-path /tmp/web-studio-final/Index.noindex/DataStore -Xcc -D_LIBCPP_HARDENING_MODE\=_LIBCPP_HARDENING_MODE_DEBUG -swift-version 5 -I /tmp/web-studio-final/Build/Products/Debug -F /tmp/web-studio-final/Build/Products/Debug/PackageFrameworks -F /tmp/web-studio-final/Build/Products/Debug -emit-localized-strings -emit-localized-strings-path /tmp/web-studio-final/Build/Intermediates.noindex/Web\ Studio.build/Debug/Web\ Studio.build/Objects-normal/arm64 -c -j10 -enable-batch-mode -incremental -Xcc -ivfsstatcache -Xcc /tmp/web-studio-final/SDKStatCaches.noindex/macosx26.5-25F70-688ef53f1462e2c8f657fdc38a81448fe082c4a02f00227109f4ed75e425c832.sdkstatcache -output-file-map /tmp/web-studio-final/Build/Intermediates.noindex/Web\ Studio.build/Debug/Web\ Studio.build/Objects-normal/arm64/Web\ Studio-OutputFileMap.json -use-frontend-parseable-output -save-temps -no-color-diagnostics -explicit-module-build -module-cache-path /tmp/web-studio-final/Build/Intermediates.noindex/SwiftExplicitPrecompiledModules -clang-scanner-module-cache-path /tmp/web-studio-final/ModuleCache.noindex -sdk-module-cache-path /tmp/web-studio-final/ModuleCache.noindex -serialize-diagnostics -emit-dependencies -emit-module -emit-module-path /tmp/web-studio-final/Build/Intermediates.noindex/Web\ Studio.build/Debug/Web\ Studio.build/Objects-normal/arm64/Web_Studio.swiftmodule -validate-clang-modules-once -clang-build-session-file /tmp/web-studio-final/ModuleCache.noindex/Session.modulevalidation -Xcc -I/tmp/web-studio-final/Build/Intermediates.noindex/Web\ Studio.build/Debug/Web\ Studio.build/swift-overrides.hmap -emit-const-values -Xfrontend -const-gather-protocols-file -Xfrontend /tmp/web-studio-final/Build/Intermediates.noindex/Web\ Studio.build/Debug/Web\ Studio.build/Objects-normal/arm64/Web\ Studio_const_extract_protocols.json -Xcc -iquote -Xcc /tmp/web-studio-final/Build/Intermediates.noindex/Web\ Studio.build/Debug/Web\ Studio.build/Web\ Studio-generated-files.hmap -Xcc -I/tmp/web-studio-final/Build/Intermediates.noindex/Web\ Studio.build/Debug/Web\ Studio.build/Web\ Studio-own-target-headers.hmap -Xcc -I/tmp/web-studio-final/Build/Intermediates.noindex/Web\ Studio.build/Debug/Web\ Studio.build/Web\ Studio-all-non-framework-target-headers.hmap -Xcc -ivfsoverlay -Xcc /tmp/web-studio-final/Build/Intermediates.noindex/Web\ Studio.build/Debug/Web\ Studio-05bbc44994b91f37e3585941f4bbdee6-VFS/all-product-headers.yaml -Xcc -iquote -Xcc /tmp/web-studio-final/Build/Intermediates.noindex/Web\ Studio.build/Debug/Web\ Studio.build/Web\ Studio-project-headers.hmap -Xcc -I/tmp/web-studio-final/Build/Products/Debug/include -Xcc -I/tmp/web-studio-final/Build/Intermediates.noindex/Web\ Studio.build/Debug/Web\ Studio.build/DerivedSources-normal/arm64 -Xcc -I/tmp/web-studio-final/Build/Intermediates.noindex/Web\ Studio.build/Debug/Web\ Studio.build/DerivedSources/arm64 -Xcc -I/tmp/web-studio-final/Build/Intermediates.noindex/Web\ Studio.build/Debug/Web\ Studio.build/DerivedSources -Xcc -DDEBUG\=1 -emit-objc-header -emit-objc-header-path /tmp/web-studio-final/Build/Intermediates.noindex/Web\ Studio.build/Debug/Web\ Studio.build/Objects-normal/arm64/Web_Studio-Swift.h -import-objc-header /Users/huaodong/workspace/Web\ Studio/Web\ Studio/Web\ Studio-Bridging-Header.h -working-directory /Users/huaodong/workspace/Web\ Studio -experimental-emit-module-separately -disable-cmo

Copy /tmp/web-studio-final/Build/Products/Debug/Web_Studio.swiftmodule/Project/arm64-apple-macos.swiftsourceinfo /tmp/web-studio-final/Build/Intermediates.noindex/Web\ Studio.build/Debug/Web\ Studio.build/Objects-normal/arm64/Web_Studio.swiftsourceinfo (in target 'Web Studio' from project 'Web Studio')
    cd /Users/huaodong/workspace/Web\ Studio
    builtin-copy -exclude .DS_Store -exclude CVS -exclude .svn -exclude .git -exclude .hg -resolve-src-symlinks -rename /tmp/web-studio-final/Build/Intermediates.noindex/Web\ Studio.build/Debug/Web\ Studio.build/Objects-normal/arm64/Web_Studio.swiftsourceinfo /tmp/web-studio-final/Build/Products/Debug/Web_Studio.swiftmodule/Project/arm64-apple-macos.swiftsourceinfo

Copy /tmp/web-studio-final/Build/Products/Debug/Web_Studio.swiftmodule/arm64-apple-macos.abi.json /tmp/web-studio-final/Build/Intermediates.noindex/Web\ Studio.build/Debug/Web\ Studio.build/Objects-normal/arm64/Web_Studio.abi.json (in target 'Web Studio' from project 'Web Studio')
    cd /Users/huaodong/workspace/Web\ Studio
    builtin-copy -exclude .DS_Store -exclude CVS -exclude .svn -exclude .git -exclude .hg -resolve-src-symlinks -rename /tmp/web-studio-final/Build/Intermediates.noindex/Web\ Studio.build/Debug/Web\ Studio.build/Objects-normal/arm64/Web_Studio.abi.json /tmp/web-studio-final/Build/Products/Debug/Web_Studio.swiftmodule/arm64-apple-macos.abi.json

SwiftDriverJobDiscovery normal arm64 Compiling StudioDesign.swift (in target 'Web Studio' from project 'Web Studio')

SwiftDriverJobDiscovery normal arm64 Compiling AgentViews.swift (in target 'Web Studio' from project 'Web Studio')

SwiftDriverJobDiscovery normal arm64 Compiling ContentView.swift (in target 'Web Studio' from project 'Web Studio')

SwiftDriver\ Compilation Web\ Studio normal arm64 com.apple.xcode.tools.swift.compiler (in target 'Web Studio' from project 'Web Studio')
    cd /Users/huaodong/workspace/Web\ Studio
    builtin-Swift-Compilation -- /Applications/Xcode.app/Contents/Developer/Toolchains/XcodeDefault.xctoolchain/usr/bin/swiftc -module-name Web_Studio -Onone @/tmp/web-studio-final/Build/Intermediates.noindex/Web\ Studio.build/Debug/Web\ Studio.build/Objects-normal/arm64/Web\ Studio.SwiftFileList -DDEBUG -default-isolation\=MainActor -enable-bare-slash-regex -enable-upcoming-feature DisableOutwardActorInference -enable-upcoming-feature InferSendableFromCaptures -enable-upcoming-feature GlobalActorIsolatedTypesUsability -enable-upcoming-feature MemberImportVisibility -enable-upcoming-feature InferIsolatedConformances -enable-upcoming-feature NonisolatedNonsendingByDefault -enable-experimental-feature DebugDescriptionMacro -sdk /Applications/Xcode.app/Contents/Developer/Platforms/MacOSX.platform/Developer/SDKs/MacOSX26.5.sdk -target arm64-apple-macos26.5 -g -module-cache-path /tmp/web-studio-final/ModuleCache.noindex -Xfrontend -serialize-debugging-options -profile-coverage-mapping -profile-generate -enable-testing -index-store-path /tmp/web-studio-final/Index.noindex/DataStore -Xcc -D_LIBCPP_HARDENING_MODE\=_LIBCPP_HARDENING_MODE_DEBUG -swift-version 5 -I /tmp/web-studio-final/Build/Products/Debug -F /tmp/web-studio-final/Build/Products/Debug/PackageFrameworks -F /tmp/web-studio-final/Build/Products/Debug -emit-localized-strings -emit-localized-strings-path /tmp/web-studio-final/Build/Intermediates.noindex/Web\ Studio.build/Debug/Web\ Studio.build/Objects-normal/arm64 -c -j10 -enable-batch-mode -incremental -Xcc -ivfsstatcache -Xcc /tmp/web-studio-final/SDKStatCaches.noindex/macosx26.5-25F70-688ef53f1462e2c8f657fdc38a81448fe082c4a02f00227109f4ed75e425c832.sdkstatcache -output-file-map /tmp/web-studio-final/Build/Intermediates.noindex/Web\ Studio.build/Debug/Web\ Studio.build/Objects-normal/arm64/Web\ Studio-OutputFileMap.json -use-frontend-parseable-output -save-temps -no-color-diagnostics -explicit-module-build -module-cache-path /tmp/web-studio-final/Build/Intermediates.noindex/SwiftExplicitPrecompiledModules -clang-scanner-module-cache-path /tmp/web-studio-final/ModuleCache.noindex -sdk-module-cache-path /tmp/web-studio-final/ModuleCache.noindex -serialize-diagnostics -emit-dependencies -emit-module -emit-module-path /tmp/web-studio-final/Build/Intermediates.noindex/Web\ Studio.build/Debug/Web\ Studio.build/Objects-normal/arm64/Web_Studio.swiftmodule -validate-clang-modules-once -clang-build-session-file /tmp/web-studio-final/ModuleCache.noindex/Session.modulevalidation -Xcc -I/tmp/web-studio-final/Build/Intermediates.noindex/Web\ Studio.build/Debug/Web\ Studio.build/swift-overrides.hmap -emit-const-values -Xfrontend -const-gather-protocols-file -Xfrontend /tmp/web-studio-final/Build/Intermediates.noindex/Web\ Studio.build/Debug/Web\ Studio.build/Objects-normal/arm64/Web\ Studio_const_extract_protocols.json -Xcc -iquote -Xcc /tmp/web-studio-final/Build/Intermediates.noindex/Web\ Studio.build/Debug/Web\ Studio.build/Web\ Studio-generated-files.hmap -Xcc -I/tmp/web-studio-final/Build/Intermediates.noindex/Web\ Studio.build/Debug/Web\ Studio.build/Web\ Studio-own-target-headers.hmap -Xcc -I/tmp/web-studio-final/Build/Intermediates.noindex/Web\ Studio.build/Debug/Web\ Studio.build/Web\ Studio-all-non-framework-target-headers.hmap -Xcc -ivfsoverlay -Xcc /tmp/web-studio-final/Build/Intermediates.noindex/Web\ Studio.build/Debug/Web\ Studio-05bbc44994b91f37e3585941f4bbdee6-VFS/all-product-headers.yaml -Xcc -iquote -Xcc /tmp/web-studio-final/Build/Intermediates.noindex/Web\ Studio.build/Debug/Web\ Studio.build/Web\ Studio-project-headers.hmap -Xcc -I/tmp/web-studio-final/Build/Products/Debug/include -Xcc -I/tmp/web-studio-final/Build/Intermediates.noindex/Web\ Studio.build/Debug/Web\ Studio.build/DerivedSources-normal/arm64 -Xcc -I/tmp/web-studio-final/Build/Intermediates.noindex/Web\ Studio.build/Debug/Web\ Studio.build/DerivedSources/arm64 -Xcc -I/tmp/web-studio-final/Build/Intermediates.noindex/Web\ Studio.build/Debug/Web\ Studio.build/DerivedSources -Xcc -DDEBUG\=1 -emit-objc-header -emit-objc-header-path /tmp/web-studio-final/Build/Intermediates.noindex/Web\ Studio.build/Debug/Web\ Studio.build/Objects-normal/arm64/Web_Studio-Swift.h -import-objc-header /Users/huaodong/workspace/Web\ Studio/Web\ Studio/Web\ Studio-Bridging-Header.h -working-directory /Users/huaodong/workspace/Web\ Studio -experimental-emit-module-separately -disable-cmo

Ld /tmp/web-studio-final/Build/Products/Debug/Web\ Studio.app/Contents/MacOS/Web\ Studio.debug.dylib normal (in target 'Web Studio' from project 'Web Studio')
    cd /Users/huaodong/workspace/Web\ Studio
    /Applications/Xcode.app/Contents/Developer/Toolchains/XcodeDefault.xctoolchain/usr/bin/clang -Xlinker -reproducible -target arm64-apple-macos26.5 -dynamiclib -isysroot /Applications/Xcode.app/Contents/Developer/Platforms/MacOSX.platform/Developer/SDKs/MacOSX26.5.sdk -O0 -L/tmp/web-studio-final/Build/Intermediates.noindex/EagerLinkingTBDs/Debug -L/tmp/web-studio-final/Build/Products/Debug -F/tmp/web-studio-final/Build/Intermediates.noindex/EagerLinkingTBDs/Debug -F/tmp/web-studio-final/Build/Products/Debug/PackageFrameworks -F/tmp/web-studio-final/Build/Products/Debug -filelist /tmp/web-studio-final/Build/Intermediates.noindex/Web\ Studio.build/Debug/Web\ Studio.build/Objects-normal/arm64/Web\ Studio.LinkFileList -install_name @rpath/Web\ Studio.debug.dylib -Xlinker -rpath -Xlinker /tmp/web-studio-final/Build/Products/Debug/PackageFrameworks -Xlinker -rpath -Xlinker @executable_path/../Frameworks -Xlinker -object_path_lto -Xlinker /tmp/web-studio-final/Build/Intermediates.noindex/Web\ Studio.build/Debug/Web\ Studio.build/Objects-normal/arm64/Web\ Studio_lto.o -rdynamic -Xlinker -no_deduplicate -Xlinker -debug_variant -Xlinker -dependency_info -Xlinker /tmp/web-studio-final/Build/Intermediates.noindex/Web\ Studio.build/Debug/Web\ Studio.build/Objects-normal/arm64/Web\ Studio_dependency_info.dat -fprofile-instr-generate -fobjc-link-runtime -L/Applications/Xcode.app/Contents/Developer/Toolchains/XcodeDefault.xctoolchain/usr/lib/swift/macosx -L/usr/lib/swift -Xlinker -add_ast_path -Xlinker /tmp/web-studio-final/Build/Intermediates.noindex/Web\ Studio.build/Debug/Web\ Studio.build/Objects-normal/arm64/Web_Studio.swiftmodule @/tmp/web-studio-final/Build/Intermediates.noindex/Web\ Studio.build/Debug/Web\ Studio.build/Objects-normal/arm64/Web_Studio-linker-args.resp -Wl,-no_warn_duplicate_libraries -Xlinker -alias -Xlinker _main -Xlinker ___debug_main_executable_dylib_entry_point -Xlinker -no_adhoc_codesign -o /tmp/web-studio-final/Build/Products/Debug/Web\ Studio.app/Contents/MacOS/Web\ Studio.debug.dylib -Xlinker -add_ast_path -Xlinker /tmp/web-studio-final/Build/Intermediates.noindex/SwiftTerm.build/Debug/SwiftTerm.build/Objects-normal/arm64/SwiftTerm.swiftmodule @/tmp/web-studio-final/Build/Intermediates.noindex/SwiftTerm.build/Debug/SwiftTerm.build/Objects-normal/arm64/SwiftTerm-linker-args.resp

ConstructStubExecutorLinkFileList /tmp/web-studio-final/Build/Intermediates.noindex/Web\ Studio.build/Debug/Web\ Studio.build/Web\ Studio-ExecutorLinkFileList-normal-arm64.txt (in target 'Web Studio' from project 'Web Studio')
    cd /Users/huaodong/workspace/Web\ Studio
    construct-stub-executor-link-file-list /tmp/web-studio-final/Build/Products/Debug/Web\ Studio.app/Contents/MacOS/Web\ Studio.debug.dylib /Applications/Xcode.app/Contents/Developer/Platforms/MacOSX.platform/Developer/usr/lib/libPreviewsJITStubExecutor_no_swift_entry_point.a /Applications/Xcode.app/Contents/Developer/Platforms/MacOSX.platform/Developer/usr/lib/libPreviewsJITStubExecutor.a --output /tmp/web-studio-final/Build/Intermediates.noindex/Web\ Studio.build/Debug/Web\ Studio.build/Web\ Studio-ExecutorLinkFileList-normal-arm64.txt
note: Using stub executor library with Swift entry point. (in target 'Web Studio' from project 'Web Studio')

Ld /tmp/web-studio-final/Build/Products/Debug/Web\ Studio.app/Contents/MacOS/Web\ Studio normal (in target 'Web Studio' from project 'Web Studio')
    cd /Users/huaodong/workspace/Web\ Studio
    /Applications/Xcode.app/Contents/Developer/Toolchains/XcodeDefault.xctoolchain/usr/bin/clang -Xlinker -reproducible -target arm64-apple-macos26.5 -isysroot /Applications/Xcode.app/Contents/Developer/Platforms/MacOSX.platform/Developer/SDKs/MacOSX26.5.sdk -O0 -L/tmp/web-studio-final/Build/Products/Debug -F/tmp/web-studio-final/Build/Products/Debug/PackageFrameworks -F/tmp/web-studio-final/Build/Products/Debug -Xlinker -rpath -Xlinker @executable_path -Xlinker -rpath -Xlinker /tmp/web-studio-final/Build/Products/Debug/PackageFrameworks -Xlinker -rpath -Xlinker @executable_path/../Frameworks -rdynamic -Xlinker -no_deduplicate -Xlinker -debug_variant -e ___debug_blank_executor_main -Xlinker -sectcreate -Xlinker __TEXT -Xlinker __debug_dylib -Xlinker /tmp/web-studio-final/Build/Intermediates.noindex/Web\ Studio.build/Debug/Web\ Studio.build/Web\ Studio-DebugDylibPath-normal-arm64.txt -Xlinker -sectcreate -Xlinker __TEXT -Xlinker __debug_instlnm -Xlinker /tmp/web-studio-final/Build/Intermediates.noindex/Web\ Studio.build/Debug/Web\ Studio.build/Web\ Studio-DebugDylibInstallName-normal-arm64.txt -Xlinker -filelist -Xlinker /tmp/web-studio-final/Build/Intermediates.noindex/Web\ Studio.build/Debug/Web\ Studio.build/Web\ Studio-ExecutorLinkFileList-normal-arm64.txt /tmp/web-studio-final/Build/Products/Debug/Web\ Studio.app/Contents/MacOS/Web\ Studio.debug.dylib -Xlinker -no_adhoc_codesign -o /tmp/web-studio-final/Build/Products/Debug/Web\ Studio.app/Contents/MacOS/Web\ Studio

CopySwiftLibs /tmp/web-studio-final/Build/Products/Debug/Web\ Studio.app (in target 'Web Studio' from project 'Web Studio')
    cd /Users/huaodong/workspace/Web\ Studio
    builtin-swiftStdLibTool --copy --verbose --sign - --scan-executable /tmp/web-studio-final/Build/Products/Debug/Web\ Studio.app/Contents/MacOS/Web\ Studio.debug.dylib --scan-folder /tmp/web-studio-final/Build/Products/Debug/Web\ Studio.app/Contents/Frameworks --scan-folder /tmp/web-studio-final/Build/Products/Debug/Web\ Studio.app/Contents/PlugIns --scan-folder /tmp/web-studio-final/Build/Products/Debug/Web\ Studio.app/Contents/Library/SystemExtensions --scan-folder /tmp/web-studio-final/Build/Products/Debug/Web\ Studio.app/Contents/Extensions --platform macosx --toolchain /var/run/com.apple.security.cryptexd/mnt/com.apple.MobileAsset.MetalToolchain-v17.6.109.0.Bidh73/Metal.xctoolchain --toolchain /Applications/Xcode.app/Contents/Developer/Toolchains/XcodeDefault.xctoolchain --destination /tmp/web-studio-final/Build/Products/Debug/Web\ Studio.app/Contents/Frameworks --strip-bitcode --strip-bitcode-tool /Applications/Xcode.app/Contents/Developer/Toolchains/XcodeDefault.xctoolchain/usr/bin/bitcode_strip --emit-dependency-info /tmp/web-studio-final/Build/Intermediates.noindex/Web\ Studio.build/Debug/Web\ Studio.build/SwiftStdLibToolInputDependencies.dep --filter-for-swift-os

ExtractAppIntentsMetadata (in target 'Web Studio' from project 'Web Studio')
    cd /Users/huaodong/workspace/Web\ Studio
    /Applications/Xcode.app/Contents/Developer/Toolchains/XcodeDefault.xctoolchain/usr/bin/appintentsmetadataprocessor --toolchain-dir /var/run/com.apple.security.cryptexd/mnt/com.apple.MobileAsset.MetalToolchain-v17.6.109.0.Bidh73/Metal.xctoolchain --module-name Web_Studio --sdk-root /Applications/Xcode.app/Contents/Developer/Platforms/MacOSX.platform/Developer/SDKs/MacOSX26.5.sdk --xcode-version 17F113 --platform-family macOS --deployment-target 26.5 --bundle-identifier com.huaodong.Web-Studio --output /tmp/web-studio-final/Build/Products/Debug/Web\ Studio.app/Contents/Resources --target-triple arm64-apple-macos26.5 --binary-file /tmp/web-studio-final/Build/Products/Debug/Web\ Studio.app/Contents/MacOS/Web\ Studio --dependency-file /tmp/web-studio-final/Build/Intermediates.noindex/Web\ Studio.build/Debug/Web\ Studio.build/Objects-normal/arm64/Web\ Studio_dependency_info.dat --stringsdata-file /tmp/web-studio-final/Build/Intermediates.noindex/Web\ Studio.build/Debug/Web\ Studio.build/Objects-normal/arm64/ExtractedAppShortcutsMetadata.stringsdata --source-file-list /tmp/web-studio-final/Build/Intermediates.noindex/Web\ Studio.build/Debug/Web\ Studio.build/Objects-normal/arm64/Web\ Studio.SwiftFileList --metadata-file-list /tmp/web-studio-final/Build/Intermediates.noindex/Web\ Studio.build/Debug/Web\ Studio.build/Web\ Studio.DependencyMetadataFileList --static-metadata-file-list /tmp/web-studio-final/Build/Intermediates.noindex/Web\ Studio.build/Debug/Web\ Studio.build/Web\ Studio.DependencyStaticMetadataFileList --swift-const-vals-list /tmp/web-studio-final/Build/Intermediates.noindex/Web\ Studio.build/Debug/Web\ Studio.build/Objects-normal/arm64/Web\ Studio.SwiftConstValuesFileList --compile-time-extraction --deployment-aware-processing --validate-assistant-intents --no-app-shortcuts-localization
2026-09-12 22:59:05.048 appintentsmetadataprocessor[96809:26082710] Starting appintentsmetadataprocessor export
2026-09-12 22:59:05.052 appintentsmetadataprocessor[96809:26082710] warning: Metadata extraction skipped. No AppIntents.framework dependency found.

CodeSign /tmp/web-studio-final/Build/Products/Debug/Web\ Studio.app/Contents/MacOS/Web\ Studio.debug.dylib (in target 'Web Studio' from project 'Web Studio')
    cd /Users/huaodong/workspace/Web\ Studio
    
    Signing Identity:     "Sign to Run Locally"
    
    /usr/bin/codesign --force --sign - --timestamp\=none --generate-entitlement-der /tmp/web-studio-final/Build/Products/Debug/Web\ Studio.app/Contents/MacOS/Web\ Studio.debug.dylib

CodeSign /tmp/web-studio-final/Build/Products/Debug/Web\ Studio.app/Contents/MacOS/__preview.dylib (in target 'Web Studio' from project 'Web Studio')
    cd /Users/huaodong/workspace/Web\ Studio
    
    Signing Identity:     "Sign to Run Locally"
    
    /usr/bin/codesign --force --sign - --timestamp\=none --generate-entitlement-der /tmp/web-studio-final/Build/Products/Debug/Web\ Studio.app/Contents/MacOS/__preview.dylib
/tmp/web-studio-final/Build/Products/Debug/Web Studio.app/Contents/MacOS/__preview.dylib: replacing existing signature

CodeSign /tmp/web-studio-final/Build/Products/Debug/Web\ Studio.app (in target 'Web Studio' from project 'Web Studio')
    cd /Users/huaodong/workspace/Web\ Studio
    
    Signing Identity:     "Sign to Run Locally"
    
    /usr/bin/codesign --force --sign - --entitlements /tmp/web-studio-final/Build/Intermediates.noindex/Web\ Studio.build/Debug/Web\ Studio.build/Web\ Studio.app.xcent --timestamp\=none --generate-entitlement-der /tmp/web-studio-final/Build/Products/Debug/Web\ Studio.app

Validate /tmp/web-studio-final/Build/Products/Debug/Web\ Studio.app (in target 'Web Studio' from project 'Web Studio')
    cd /Users/huaodong/workspace/Web\ Studio
    builtin-validationUtility /tmp/web-studio-final/Build/Products/Debug/Web\ Studio.app -no-validate-extension -infoplist-subpath Contents/Info.plist

RegisterWithLaunchServices /tmp/web-studio-final/Build/Products/Debug/Web\ Studio.app (in target 'Web Studio' from project 'Web Studio')
    cd /Users/huaodong/workspace/Web\ Studio
    /System/Library/Frameworks/CoreServices.framework/Versions/Current/Frameworks/LaunchServices.framework/Versions/Current/Support/lsregister -f -R -trusted /tmp/web-studio-final/Build/Products/Debug/Web\ Studio.app

** BUILD SUCCEEDED **

