Command line invocation:
    /Applications/Xcode.app/Contents/Developer/usr/bin/xcodebuild test-without-building -xctestrun "/private/tmp/web-studio-adaptive/Build/Products/Web Studio_Web Studio_macosx26.5-arm64.xctestrun" -destination platform=macOS,arch=arm64 -parallel-testing-enabled NO "-only-testing:Web StudioUITests/Web_StudioUITests/testBlankLaunchVerticalResourcesAndNewTab" "-only-testing:Web StudioUITests/Web_StudioUITests/testCommandPanelsKeyboardSubmitEscapeAndClose" "-only-testing:Web StudioUITests/Web_StudioUITests/testCommandPaletteRowsHaveDistinctBoundedGeometry" "-only-testing:Web StudioUITests/Web_StudioUITests/testAgentBlankReadAndProviderSettingsFlow" "-only-testing:Web StudioUITests/Web_StudioUITests/testStartPageAddsSessionPinnedDestination" "-only-testing:Web StudioUITests/Web_StudioUITests/testAgentComposerDraftSurvivesAdvancedPanelAndNewChat" "-only-testing:Web StudioUITests/Web_StudioUITests/testMinimumWindowLightAndDarkControls"

2026-09-13 12:57:01.657 xcodebuild[56930:27207800] [MT] IDERunDestination: Supported platforms for the buildables in the current scheme is empty.
2026-09-13 12:57:01.658 xcodebuild[56930:27207800] [MT] IDERunDestination: Supported platforms for the buildables in the current scheme is empty.
--- xcodebuild: WARNING: Using the first of multiple matching destinations:
{ platform:macOS, arch:arm64, id:00008132-0011602A1AD3801C, name:My Mac }
{ platform:macOS, arch:arm64, variant:Mac Catalyst, id:00008132-0011602A1AD3801C, name:My Mac }
{ platform:macOS, arch:arm64, variant:DriverKit, id:00008132-0011602A1AD3801C, name:My Mac }
{ platform:macOS, arch:arm64, variant:Designed for [iPad,iPhone], id:00008132-0011602A1AD3801C, name:My Mac }
2026-09-13 12:57:02.608 xcodebuild[56930:27207800] [MT] IDERunDestination: Supported platforms for the buildables in the current scheme is empty.
2026-09-13 12:57:02.757 xcodebuild[56930:27207800] [MT] IDERunDestination: Supported platforms for the buildables in the current scheme is empty.
2026-09-13 12:57:04.452985+0800 Web StudioUITests-Runner[57037:27208292] [Default] Running tests...
2026-09-13 12:58:04.507449+0800 Web StudioUITests-Runner[57037:27208292] [Default] Failed to initialize for UI testing: Error Domain=com.apple.dt.XCTest.XCTFuture Code=1000 "Timed out while enabling automation mode." UserInfo={NSLocalizedDescription=Timed out while enabling automation mode.}


*** If you believe this error represents a bug, please attach the result bundle at /Users/huaodong/Library/Developer/Xcode/DerivedData/Web_Studio-eqsdqskxbroypcanigqqvqyassrw/Logs/Test/Test-Web Studio-2026.09.13_12-57-01-+0800.xcresult

2026-09-13 12:58:16.628 xcodebuild[56930:27207800] [MT] IDETestOperationsObserverDebug: 73.999 elapsed -- Testing started completed.
2026-09-13 12:58:16.628 xcodebuild[56930:27207800] [MT] IDETestOperationsObserverDebug: 0.000 sec, +0.000 sec -- start
2026-09-13 12:58:16.628 xcodebuild[56930:27207800] [MT] IDETestOperationsObserverDebug: 73.999 sec, +73.999 sec -- end

Test session results, code coverage, and logs:
	/Users/huaodong/Library/Developer/Xcode/DerivedData/Web_Studio-eqsdqskxbroypcanigqqvqyassrw/Logs/Test/Test-Web Studio-2026.09.13_12-57-01-+0800.xcresult

Testing failed:
	Web StudioUITests-Runner (57037) encountered an error (The test runner failed to initialize for UI testing. (Underlying Error: Timed out while enabling automation mode.))

** TEST EXECUTE FAILED **

Testing started
