/Users/huaodong/workspace/Web Studio/scripts/terminal-vt-backend-smoke.swift:27:83: warning: instance method 'lock' is unavailable from asynchronous contexts; Use async-safe scoped locking instead; this is an error in the Swift 6 language mode
25 |     precondition(recorder.wait({ $0.output.range(of: Data("QUERY_OK".utf8)) != nil })); let pid = interactive.currentPID(); precondition(pid != nil)
26 |     interactive.resize(columns: 97, rows: 31, cellWidthPixels: 8, cellHeightPixels: 16); precondition(recorder.wait({ $0.frames.contains { $0.columns == 97 && $0.rows == 31 } })); interactive.sendRaw(Data("SIZE?\n".utf8)); precondition(recorder.wait({ $0.output.range(of: Data("SIZE=31,97,776,496".utf8)) != nil }))
27 |     interactive.setVisible(false); _ = interactive.snapshot(); recorder.condition.lock(); let hiddenCount = recorder.frames.count; recorder.condition.unlock(); interactive.sendRaw(Data("HIDDEN\n".utf8)); precondition(recorder.wait({ $0.output.range(of: Data("HIDDEN_MARK".utf8)) != nil })); recorder.condition.lock(); let hiddenFrames = recorder.frames.count; recorder.condition.unlock(); precondition(hiddenFrames == hiddenCount)
   |                                                                                   `- warning: instance method 'lock' is unavailable from asynchronous contexts; Use async-safe scoped locking instead; this is an error in the Swift 6 language mode
28 |     precondition(interactive.snapshot()?.visibleData.range(of: Data("HIDDEN_MARK".utf8)) != nil); interactive.setVisible(true); _ = interactive.snapshot(); precondition(recorder.wait({ $0.frames.contains { $0.visibleData.range(of: Data("HIDDEN_MARK".utf8)) != nil } }))
29 |     precondition(interactive.setTheme(.light)); precondition(interactive.currentPID() == pid); interactive.sendRaw(Data("FINAL\n".utf8)); precondition(recorder.wait({ $0.frames.contains { $0.visibleData.range(of: Data("FINAL_MARK".utf8)) != nil } })); precondition(interactive.setTheme(.dark)); precondition(interactive.currentPID() == pid)

Foundation.NSCondition.lock:3:13: note: 'lock()' declared here
1 | class NSCondition {
2 | @available(macOS 10.5, *)
3 |   open func lock()}
  |             `- note: 'lock()' declared here
4 | 

/Users/huaodong/workspace/Web Studio/scripts/terminal-vt-backend-smoke.swift:27:151: warning: instance method 'unlock' is unavailable from asynchronous contexts; Use async-safe scoped locking instead; this is an error in the Swift 6 language mode
25 |     precondition(recorder.wait({ $0.output.range(of: Data("QUERY_OK".utf8)) != nil })); let pid = interactive.currentPID(); precondition(pid != nil)
26 |     interactive.resize(columns: 97, rows: 31, cellWidthPixels: 8, cellHeightPixels: 16); precondition(recorder.wait({ $0.frames.contains { $0.columns == 97 && $0.rows == 31 } })); interactive.sendRaw(Data("SIZE?\n".utf8)); precondition(recorder.wait({ $0.output.range(of: Data("SIZE=31,97,776,496".utf8)) != nil }))
27 |     interactive.setVisible(false); _ = interactive.snapshot(); recorder.condition.lock(); let hiddenCount = recorder.frames.count; recorder.condition.unlock(); interactive.sendRaw(Data("HIDDEN\n".utf8)); precondition(recorder.wait({ $0.output.range(of: Data("HIDDEN_MARK".utf8)) != nil })); recorder.condition.lock(); let hiddenFrames = recorder.frames.count; recorder.condition.unlock(); precondition(hiddenFrames == hiddenCount)
   |                                                                                                                                                       `- warning: instance method 'unlock' is unavailable from asynchronous contexts; Use async-safe scoped locking instead; this is an error in the Swift 6 language mode
28 |     precondition(interactive.snapshot()?.visibleData.range(of: Data("HIDDEN_MARK".utf8)) != nil); interactive.setVisible(true); _ = interactive.snapshot(); precondition(recorder.wait({ $0.frames.contains { $0.visibleData.range(of: Data("HIDDEN_MARK".utf8)) != nil } }))
29 |     precondition(interactive.setTheme(.light)); precondition(interactive.currentPID() == pid); interactive.sendRaw(Data("FINAL\n".utf8)); precondition(recorder.wait({ $0.frames.contains { $0.visibleData.range(of: Data("FINAL_MARK".utf8)) != nil } })); precondition(interactive.setTheme(.dark)); precondition(interactive.currentPID() == pid)

Foundation.NSCondition.unlock:3:13: note: 'unlock()' declared here
1 | class NSCondition {
2 | @available(macOS 10.5, *)
3 |   open func unlock()}
  |             `- note: 'unlock()' declared here
4 | 

/Users/huaodong/workspace/Web Studio/scripts/terminal-vt-backend-smoke.swift:27:311: warning: instance method 'lock' is unavailable from asynchronous contexts; Use async-safe scoped locking instead; this is an error in the Swift 6 language mode
25 |     precondition(recorder.wait({ $0.output.range(of: Data("QUERY_OK".utf8)) != nil })); let pid = interactive.currentPID(); precondition(pid != nil)
26 |     interactive.resize(columns: 97, rows: 31, cellWidthPixels: 8, cellHeightPixels: 16); precondition(recorder.wait({ $0.frames.contains { $0.columns == 97 && $0.rows == 31 } })); interactive.sendRaw(Data("SIZE?\n".utf8)); precondition(recorder.wait({ $0.output.range(of: Data("SIZE=31,97,776,496".utf8)) != nil }))
27 |     interactive.setVisible(false); _ = interactive.snapshot(); recorder.condition.lock(); let hiddenCount = recorder.frames.count; recorder.condition.unlock(); interactive.sendRaw(Data("HIDDEN\n".utf8)); precondition(recorder.wait({ $0.output.range(of: Data("HIDDEN_MARK".utf8)) != nil })); recorder.condition.lock(); let hiddenFrames = recorder.frames.count; recorder.condition.unlock(); precondition(hiddenFrames == hiddenCount)
   |                                                                                                                                                                                                                                                                                                                       `- warning: instance method 'lock' is unavailable from asynchronous contexts; Use async-safe scoped locking instead; this is an error in the Swift 6 language mode
28 |     precondition(interactive.snapshot()?.visibleData.range(of: Data("HIDDEN_MARK".utf8)) != nil); interactive.setVisible(true); _ = interactive.snapshot(); precondition(recorder.wait({ $0.frames.contains { $0.visibleData.range(of: Data("HIDDEN_MARK".utf8)) != nil } }))
29 |     precondition(interactive.setTheme(.light)); precondition(interactive.currentPID() == pid); interactive.sendRaw(Data("FINAL\n".utf8)); precondition(recorder.wait({ $0.frames.contains { $0.visibleData.range(of: Data("FINAL_MARK".utf8)) != nil } })); precondition(interactive.setTheme(.dark)); precondition(interactive.currentPID() == pid)

Foundation.NSCondition.lock:3:13: note: 'lock()' declared here
1 | class NSCondition {
2 | @available(macOS 10.5, *)
3 |   open func lock()}
  |             `- note: 'lock()' declared here
4 | 

/Users/huaodong/workspace/Web Studio/scripts/terminal-vt-backend-smoke.swift:27:380: warning: instance method 'unlock' is unavailable from asynchronous contexts; Use async-safe scoped locking instead; this is an error in the Swift 6 language mode
25 |     precondition(recorder.wait({ $0.output.range(of: Data("QUERY_OK".utf8)) != nil })); let pid = interactive.currentPID(); precondition(pid != nil)
26 |     interactive.resize(columns: 97, rows: 31, cellWidthPixels: 8, cellHeightPixels: 16); precondition(recorder.wait({ $0.frames.contains { $0.columns == 97 && $0.rows == 31 } })); interactive.sendRaw(Data("SIZE?\n".utf8)); precondition(recorder.wait({ $0.output.range(of: Data("SIZE=31,97,776,496".utf8)) != nil }))
27 |     interactive.setVisible(false); _ = interactive.snapshot(); recorder.condition.lock(); let hiddenCount = recorder.frames.count; recorder.condition.unlock(); interactive.sendRaw(Data("HIDDEN\n".utf8)); precondition(recorder.wait({ $0.output.range(of: Data("HIDDEN_MARK".utf8)) != nil })); recorder.condition.lock(); let hiddenFrames = recorder.frames.count; recorder.condition.unlock(); precondition(hiddenFrames == hiddenCount)
   |                                                                                                                                                                                                                                                                                                                                                                                            `- warning: instance method 'unlock' is unavailable from asynchronous contexts; Use async-safe scoped locking instead; this is an error in the Swift 6 language mode
28 |     precondition(interactive.snapshot()?.visibleData.range(of: Data("HIDDEN_MARK".utf8)) != nil); interactive.setVisible(true); _ = interactive.snapshot(); precondition(recorder.wait({ $0.frames.contains { $0.visibleData.range(of: Data("HIDDEN_MARK".utf8)) != nil } }))
29 |     precondition(interactive.setTheme(.light)); precondition(interactive.currentPID() == pid); interactive.sendRaw(Data("FINAL\n".utf8)); precondition(recorder.wait({ $0.frames.contains { $0.visibleData.range(of: Data("FINAL_MARK".utf8)) != nil } })); precondition(interactive.setTheme(.dark)); precondition(interactive.currentPID() == pid)

Foundation.NSCondition.unlock:3:13: note: 'unlock()' declared here
1 | class NSCondition {
2 | @available(macOS 10.5, *)
3 |   open func unlock()}
  |             `- note: 'unlock()' declared here
4 | 

/Users/huaodong/workspace/Web Studio/scripts/terminal-vt-backend-smoke.swift:30:132: warning: instance method 'lock' is unavailable from asynchronous contexts; Use async-safe scoped locking instead; this is an error in the Swift 6 language mode
28 |     precondition(interactive.snapshot()?.visibleData.range(of: Data("HIDDEN_MARK".utf8)) != nil); interactive.setVisible(true); _ = interactive.snapshot(); precondition(recorder.wait({ $0.frames.contains { $0.visibleData.range(of: Data("HIDDEN_MARK".utf8)) != nil } }))
29 |     precondition(interactive.setTheme(.light)); precondition(interactive.currentPID() == pid); interactive.sendRaw(Data("FINAL\n".utf8)); precondition(recorder.wait({ $0.frames.contains { $0.visibleData.range(of: Data("FINAL_MARK".utf8)) != nil } })); precondition(interactive.setTheme(.dark)); precondition(interactive.currentPID() == pid)
30 |     precondition(interactive.sendRaw(Data("EXIT7\n".utf8))); precondition(recorder.wait({ $0.exitCode == 7 })); recorder.condition.lock(); let callbacks = recorder.callbacks; recorder.condition.unlock(); precondition(callbacks.first == "start" && callbacks.last == "exit7"); precondition(interactive.snapshot()?.visibleData.range(of: Data("EXIT_FINAL".utf8)) != nil); await interactive.closeAndWait(); print("TerminalVTBackend interactive smoke passed")
   |                                                                                                                                    `- warning: instance method 'lock' is unavailable from asynchronous contexts; Use async-safe scoped locking instead; this is an error in the Swift 6 language mode
31 |   }
32 | }

Foundation.NSCondition.lock:3:13: note: 'lock()' declared here
1 | class NSCondition {
2 | @available(macOS 10.5, *)
3 |   open func lock()}
  |             `- note: 'lock()' declared here
4 | 

/Users/huaodong/workspace/Web Studio/scripts/terminal-vt-backend-smoke.swift:30:195: warning: instance method 'unlock' is unavailable from asynchronous contexts; Use async-safe scoped locking instead; this is an error in the Swift 6 language mode
28 |     precondition(interactive.snapshot()?.visibleData.range(of: Data("HIDDEN_MARK".utf8)) != nil); interactive.setVisible(true); _ = interactive.snapshot(); precondition(recorder.wait({ $0.frames.contains { $0.visibleData.range(of: Data("HIDDEN_MARK".utf8)) != nil } }))
29 |     precondition(interactive.setTheme(.light)); precondition(interactive.currentPID() == pid); interactive.sendRaw(Data("FINAL\n".utf8)); precondition(recorder.wait({ $0.frames.contains { $0.visibleData.range(of: Data("FINAL_MARK".utf8)) != nil } })); precondition(interactive.setTheme(.dark)); precondition(interactive.currentPID() == pid)
30 |     precondition(interactive.sendRaw(Data("EXIT7\n".utf8))); precondition(recorder.wait({ $0.exitCode == 7 })); recorder.condition.lock(); let callbacks = recorder.callbacks; recorder.condition.unlock(); precondition(callbacks.first == "start" && callbacks.last == "exit7"); precondition(interactive.snapshot()?.visibleData.range(of: Data("EXIT_FINAL".utf8)) != nil); await interactive.closeAndWait(); print("TerminalVTBackend interactive smoke passed")
   |                                                                                                                                                                                                   `- warning: instance method 'unlock' is unavailable from asynchronous contexts; Use async-safe scoped locking instead; this is an error in the Swift 6 language mode
31 |   }
32 | }

Foundation.NSCondition.unlock:3:13: note: 'unlock()' declared here
1 | class NSCondition {
2 | @available(macOS 10.5, *)
3 |   open func unlock()}
  |             `- note: 'unlock()' declared here
4 | 
TerminalVTBackend smoke passed
TerminalVTBackend interactive smoke passed
