0000000000333b1c T _ghostty_terminal_new
/private/tmp/web-studio-vt-final/Build/Products/Debug/Web Studio VT.app/Contents/MacOS/Web Studio VT:
	@rpath/Web Studio VT.debug.dylib (compatibility version 0.0.0, current version 0.0.0)
	/usr/lib/libSystem.B.dylib (compatibility version 1.0.0, current version 1359.0.0)

/private/tmp/web-studio-vt-final/Build/Products/Debug/Web Studio VT.app/Contents/MacOS/Web Studio VT.debug.dylib:
	@rpath/Web Studio VT.debug.dylib (compatibility version 0.0.0, current version 0.0.0)
	/System/Library/Frameworks/AppKit.framework/Versions/C/AppKit (compatibility version 45.0.0, current version 2775.10.103)
	/System/Library/Frameworks/Metal.framework/Versions/A/Metal (compatibility version 1.0.0, current version 382.5.3)
	/System/Library/Frameworks/QuartzCore.framework/Versions/A/QuartzCore (compatibility version 1.2.0, current version 1223.2.2)
	/System/Library/Frameworks/CoreText.framework/Versions/A/CoreText (compatibility version 1.0.0, current version 904.0.0)
	/System/Library/Frameworks/Security.framework/Versions/A/Security (compatibility version 1.0.0, current version 62460.1.2)
	/System/Library/Frameworks/Foundation.framework/Versions/C/Foundation (compatibility version 300.0.0, current version 5027.0.69)
	/usr/lib/libobjc.A.dylib (compatibility version 1.0.0, current version 228.0.0)
	/usr/lib/libSystem.B.dylib (compatibility version 1.0.0, current version 1359.0.0)
	/System/Library/Frameworks/Accessibility.framework/Versions/A/Accessibility (compatibility version 1.0.0, current version 1.0.0)
	/System/Library/Frameworks/Combine.framework/Versions/A/Combine (compatibility version 1.0.0, current version 3023.0.0)
	/System/Library/Frameworks/CoreFoundation.framework/Versions/A/CoreFoundation (compatibility version 150.0.0, current version 5027.0.69)
	/System/Library/Frameworks/CoreGraphics.framework/Versions/A/CoreGraphics (compatibility version 64.0.0, current version 2050.0.0)
	/System/Library/Frameworks/DeveloperToolsSupport.framework/Versions/A/DeveloperToolsSupport (compatibility version 1.0.0, current version 24.0.24)
	/System/Library/Frameworks/MetalKit.framework/Versions/A/MetalKit (compatibility version 1.0.0, current version 174.4.0)
	/System/Library/Frameworks/SwiftUI.framework/Versions/A/SwiftUI (compatibility version 1.0.0, current version 8.0.84)
	/System/Library/Frameworks/WebKit.framework/Versions/A/WebKit (compatibility version 1.0.0, current version 625.1.29)
	/usr/lib/swift/libswiftCore.dylib (compatibility version 0.0.0, current version 0.0.0)
	/usr/lib/swift/libswiftCoreAudio.dylib (compatibility version 1.0.0, current version 482.102.10, weak)
	/usr/lib/swift/libswiftCoreFoundation.dylib (compatibility version 1.0.0, current version 120.100.0)
	/usr/lib/swift/libswiftCoreImage.dylib (compatibility version 1.0.0, current version 3.0.0, weak)
	/usr/lib/swift/libswiftDarwin.dylib (compatibility version 1.0.0, current version 428.0.10)
	/usr/lib/swift/libswiftDispatch.dylib (compatibility version 1.0.0, current version 1605.0.2)
	/usr/lib/swift/libswiftIOKit.dylib (compatibility version 1.0.0, current version 1.0.0, weak)
	/usr/lib/swift/libswiftMetal.dylib (compatibility version 1.0.0, current version 382.5.3, weak)
	/usr/lib/swift/libswiftMetalKit.dylib (compatibility version 1.0.0, current version 1.2.0, weak)
	/usr/lib/swift/libswiftModelIO.dylib (compatibility version 1.0.0, current version 1.0.0, weak)
	/usr/lib/swift/libswiftOSLog.dylib (compatibility version 1.0.0, current version 10.0.0, weak)
	/usr/lib/swift/libswiftObjectiveC.dylib (compatibility version 1.0.0, current version 973.1.0)
	/usr/lib/swift/libswiftQuartzCore.dylib (compatibility version 1.0.0, current version 5.0.0, weak)
	/usr/lib/swift/libswiftSpatial.dylib (compatibility version 1.0.0, current version 1.0.0, weak)
	/usr/lib/swift/libswiftUniformTypeIdentifiers.dylib (compatibility version 1.0.0, current version 917.0.1, weak)
	/usr/lib/swift/libswiftXPC.dylib (compatibility version 1.0.0, current version 167.0.2, weak)
	/usr/lib/swift/libswift_Builtin_float.dylib (compatibility version 0.0.0, current version 0.0.0, weak)
	/usr/lib/swift/libswift_Concurrency.dylib (compatibility version 0.0.0, current version 0.0.0)
	/usr/lib/swift/libswift_DarwinFoundation1.dylib (compatibility version 1.0.0, current version 428.0.10)
	/usr/lib/swift/libswiftos.dylib (compatibility version 1.0.0, current version 1090.0.0, weak)
	/usr/lib/swift/libswiftsimd.dylib (compatibility version 1.0.0, current version 25.0.0, weak)
