2026-09-16 13:43:25.108 xcodebuild[98008:54894230] [MT] DVTPlugInLoading: Failed to load code for plug-in com.apple.dt.DVTCoreDeviceCore (/Applications/Xcode.app/Contents/SharedFrameworks/DVTCoreDeviceCore.framework), error = Error Domain=NSCocoaErrorDomain Code=3588 "dlopen(/Applications/Xcode.app/Contents/SharedFrameworks/DVTCoreDeviceCore.framework/DVTCoreDeviceCore, 0x0109): Symbol not found: _$s10CoreDevice17DetailedOperationC7metricsSDySSAA12CodableValueOGvg
  Referenced from: <E47C0F61-0399-382B-A241-7222F33F774E> /Applications/Xcode.app/Contents/SharedFrameworks/DVTCoreDeviceCore.framework/Versions/A/DVTCoreDeviceCore
  Expected in:     <BF770DE4-8425-37CA-99BB-029235010A99> /Library/Developer/PrivateFrameworks/CoreDevice.framework/Versions/A/CoreDevice" UserInfo={NSLocalizedFailureReason=The bundle couldn’t be loaded., NSLocalizedRecoverySuggestion=Try reinstalling the bundle., NSFilePath=/Applications/Xcode.app/Contents/SharedFrameworks/DVTCoreDeviceCore.framework/DVTCoreDeviceCore, NSDebugDescription=dlopen(/Applications/Xcode.app/Contents/SharedFrameworks/DVTCoreDeviceCore.framework/DVTCoreDeviceCore, 0x0109): Symbol not found: _$s10CoreDevice17DetailedOperationC7metricsSDySSAA12CodableValueOGvg
  Referenced from: <E47C0F61-0399-382B-A241-7222F33F774E> /Applications/Xcode.app/Contents/SharedFrameworks/DVTCoreDeviceCore.framework/Versions/A/DVTCoreDeviceCore
  Expected in:     <BF770DE4-8425-37CA-99BB-029235010A99> /Library/Developer/PrivateFrameworks/CoreDevice.framework/Versions/A/CoreDevice, NSBundlePath=/Applications/Xcode.app/Contents/SharedFrameworks/DVTCoreDeviceCore.framework, NSLocalizedDescription=The bundle “DVTCoreDeviceCore” couldn’t be loaded.}, dyldError = dlopen(/Applications/Xcode.app/Contents/SharedFrameworks/DVTCoreDeviceCore.framework/DVTCoreDeviceCore, 0x0000): Symbol not found: _$s10CoreDevice17DetailedOperationC7metricsSDySSAA12CodableValueOGvg
  Referenced from: <E47C0F61-0399-382B-A241-7222F33F774E> /Applications/Xcode.app/Contents/SharedFrameworks/DVTCoreDeviceCore.framework/Versions/A/DVTCoreDeviceCore
  Expected in:     <BF770DE4-8425-37CA-99BB-029235010A99> /Library/Developer/PrivateFrameworks/CoreDevice.framework/Versions/A/CoreDevice
2026-09-16 13:43:25.108 xcodebuild[98008:54894230] [MT] DVTPlugInExtensionFaulting: Failed to fire fault for extension Xcode.Device.CoreDevice: Error Domain=DVTPlugInErrorDomain Code=2 "Loading a plug-in failed." UserInfo={DVTPlugInIdentifierErrorKey=com.apple.dt.DVTCoreDeviceCore, DVTPlugInExecutablePathErrorKey=/Applications/Xcode.app/Contents/SharedFrameworks/DVTCoreDeviceCore.framework/DVTCoreDeviceCore, NSLocalizedRecoverySuggestion=The plug-in or one of its prerequisite plug-ins may be missing or damaged and may need to be reinstalled., DVTPlugInDYLDErrorMessageErrorKey=dlopen(/Applications/Xcode.app/Contents/SharedFrameworks/DVTCoreDeviceCore.framework/DVTCoreDeviceCore, 0x0000): Symbol not found: _$s10CoreDevice17DetailedOperationC7metricsSDySSAA12CodableValueOGvg
  Referenced from: <E47C0F61-0399-382B-A241-7222F33F774E> /Applications/Xcode.app/Contents/SharedFrameworks/DVTCoreDeviceCore.framework/Versions/A/DVTCoreDeviceCore
  Expected in:     <BF770DE4-8425-37CA-99BB-029235010A99> /Library/Developer/PrivateFrameworks/CoreDevice.framework/Versions/A/CoreDevice, NSLocalizedDescription=Loading a plug-in failed., NSFilePath=/Applications/Xcode.app/Contents/SharedFrameworks/DVTCoreDeviceCore.framework, NSLocalizedFailureReason=The plug-in “com.apple.dt.DVTCoreDeviceCore” at path “/Applications/Xcode.app/Contents/SharedFrameworks/DVTCoreDeviceCore.framework” could not be loaded.  The plug-in or one of its prerequisite plug-ins may be missing or damaged., NSUnderlyingError=0xafb26c930 {Error Domain=NSCocoaErrorDomain Code=3588 "dlopen(/Applications/Xcode.app/Contents/SharedFrameworks/DVTCoreDeviceCore.framework/DVTCoreDeviceCore, 0x0109): Symbol not found: _$s10CoreDevice17DetailedOperationC7metricsSDySSAA12CodableValueOGvg
  Referenced from: <E47C0F61-0399-382B-A241-7222F33F774E> /Applications/Xcode.app/Contents/SharedFrameworks/DVTCoreDeviceCore.framework/Versions/A/DVTCoreDeviceCore
  Expected in:     <BF770DE4-8425-37CA-99BB-029235010A99> /Library/Developer/PrivateFrameworks/CoreDevice.framework/Versions/A/CoreDevice" UserInfo={NSLocalizedFailureReason=The bundle couldn’t be loaded., NSLocalizedRecoverySuggestion=Try reinstalling the bundle., NSFilePath=/Applications/Xcode.app/Contents/SharedFrameworks/DVTCoreDeviceCore.framework/DVTCoreDeviceCore, NSDebugDescription=dlopen(/Applications/Xcode.app/Contents/SharedFrameworks/DVTCoreDeviceCore.framework/DVTCoreDeviceCore, 0x0109): Symbol not found: _$s10CoreDevice17DetailedOperationC7metricsSDySSAA12CodableValueOGvg
  Referenced from: <E47C0F61-0399-382B-A241-7222F33F774E> /Applications/Xcode.app/Contents/SharedFrameworks/DVTCoreDeviceCore.framework/Versions/A/DVTCoreDeviceCore
  Expected in:     <BF770DE4-8425-37CA-99BB-029235010A99> /Library/Developer/PrivateFrameworks/CoreDevice.framework/Versions/A/CoreDevice, NSBundlePath=/Applications/Xcode.app/Contents/SharedFrameworks/DVTCoreDeviceCore.framework, NSLocalizedDescription=The bundle “DVTCoreDeviceCore” couldn’t be loaded.}}}
2026-09-16 13:43:25.108 xcodebuild[98008:54894230] [MT] DVTAssertions: Warning in DVTFrameworks/DVTFoundation/Devices/DVTDevice.m:381
Details:  No locator class for device extension 'Xcode.Device.CoreDevice', error: Error Domain=DVTPlugInErrorDomain Code=2 "Loading a plug-in failed." UserInfo={DVTPlugInIdentifierErrorKey=com.apple.dt.DVTCoreDeviceCore, DVTPlugInExecutablePathErrorKey=/Applications/Xcode.app/Contents/SharedFrameworks/DVTCoreDeviceCore.framework/DVTCoreDeviceCore, NSLocalizedRecoverySuggestion=The plug-in or one of its prerequisite plug-ins may be missing or damaged and may need to be reinstalled., DVTPlugInDYLDErrorMessageErrorKey=dlopen(/Applications/Xcode.app/Contents/SharedFrameworks/DVTCoreDeviceCore.framework/DVTCoreDeviceCore, 0x0000): Symbol not found: _$s10CoreDevice17DetailedOperationC7metricsSDySSAA12CodableValueOGvg
  Referenced from: <E47C0F61-0399-382B-A241-7222F33F774E> /Applications/Xcode.app/Contents/SharedFrameworks/DVTCoreDeviceCore.framework/Versions/A/DVTCoreDeviceCore
  Expected in:     <BF770DE4-8425-37CA-99BB-029235010A99> /Library/Developer/PrivateFrameworks/CoreDevice.framework/Versions/A/CoreDevice, NSLocalizedDescription=Loading a plug-in failed., NSFilePath=/Applications/Xcode.app/Contents/SharedFrameworks/DVTCoreDeviceCore.framework, NSLocalizedFailureReason=The plug-in “com.apple.dt.DVTCoreDeviceCore” at path “/Applications/Xcode.app/Contents/SharedFrameworks/DVTCoreDeviceCore.framework” could not be loaded.  The plug-in or one of its prerequisite plug-ins may be missing or damaged., NSUnderlyingError=0xafb26c930 {Error Domain=NSCocoaErrorDomain Code=3588 "dlopen(/Applications/Xcode.app/Contents/SharedFrameworks/DVTCoreDeviceCore.framework/DVTCoreDeviceCore, 0x0109): Symbol not found: _$s10CoreDevice17DetailedOperationC7metricsSDySSAA12CodableValueOGvg
  Referenced from: <E47C0F61-0399-382B-A241-7222F33F774E> /Applications/Xcode.app/Contents/SharedFrameworks/DVTCoreDeviceCore.framework/Versions/A/DVTCoreDeviceCore
  Expected in:     <BF770DE4-8425-37CA-99BB-029235010A99> /Library/Developer/PrivateFrameworks/CoreDevice.framework/Versions/A/CoreDevice" UserInfo={NSLocalizedFailureReason=The bundle couldn’t be loaded., NSLocalizedRecoverySuggestion=Try reinstalling the bundle., NSFilePath=/Applications/Xcode.app/Contents/SharedFrameworks/DVTCoreDeviceCore.framework/DVTCoreDeviceCore, NSDebugDescription=dlopen(/Applications/Xcode.app/Contents/SharedFrameworks/DVTCoreDeviceCore.framework/DVTCoreDeviceCore, 0x0109): Symbol not found: _$s10CoreDevice17DetailedOperationC7metricsSDySSAA12CodableValueOGvg
  Referenced from: <E47C0F61-0399-382B-A241-7222F33F774E> /Applications/Xcode.app/Contents/SharedFrameworks/DVTCoreDeviceCore.framework/Versions/A/DVTCoreDeviceCore
  Expected in:     <BF770DE4-8425-37CA-99BB-029235010A99> /Library/Developer/PrivateFrameworks/CoreDevice.framework/Versions/A/CoreDevice, NSBundlePath=/Applications/Xcode.app/Contents/SharedFrameworks/DVTCoreDeviceCore.framework, NSLocalizedDescription=The bundle “DVTCoreDeviceCore” couldn’t be loaded.}}}
Object:   <DVTDevice>
Method:   +_knownDeviceLocators
Thread:   <_NSMainThread: 0x101c81cd0>{number = 1, name = main}
Please file a bug at https://feedbackassistant.apple.com with this warning message and any useful information you can provide.
2026-09-16 13:43:25.111 xcodebuild[98008:54894279]  DVTErrorPresenter: Unable to load simulator devices.
Domain: DVTCoreSimulatorAdditionsErrorDomain
Code: 3
Failure Reason: The version of the CoreSimulator framework installed on this Mac is out-of-date and not supported by this version of Xcode.
Recovery Suggestion: Please ensure that you have installed all available updates to your Mac's software, and that you are running the most recent version of Xcode supported by macOS.
--
CoreSimulator is out of date. Current version (1051.55.0) is older than build version (1171.7.0).
Domain: DVTCoreSimulatorAdditionsErrorDomain
Code: 3
--

2026-09-16 13:43:25.111 xcodebuild[98008:54894279]  iOSSimulator: [SimServiceContext sharedServiceContextForDeveloperDir:error:] returned nil (Error Domain=DVTCoreSimulatorAdditionsErrorDomain Code=3 "CoreSimulator is out of date. Current version (1051.55.0) is older than build version (1171.7.0)." UserInfo={NSLocalizedDescription=CoreSimulator is out of date. Current version (1051.55.0) is older than build version (1171.7.0).}). Simulator device support disabled.
Command line invocation:
    /Applications/Xcode.app/Contents/Developer/usr/bin/xcodebuild -project "Web Studio.xcodeproj" -scheme "Web Studio VT" -configuration Debug -destination platform=macOS,arch=arm64 -derivedDataPath /private/tmp/web-studio-vt-final -clonedSourcePackagesDirPath /private/tmp/web-studio-vt-unique/SourcePackages CODE_SIGN_IDENTITY=- CODE_SIGN_STYLE=Manual DEVELOPMENT_TEAM= PRODUCT_BUNDLE_IDENTIFIER=com.huaodong.Web-Studio.VTFinal20260916 build

Build settings from command line:
    CODE_SIGN_IDENTITY = -
    CODE_SIGN_STYLE = Manual
    DEVELOPMENT_TEAM = 
    PRODUCT_BUNDLE_IDENTIFIER = com.huaodong.Web-Studio.VTFinal20260916

Resolve Package Graph


Resolved source packages:
  SwiftTerm: https://github.com/migueldeicaza/SwiftTerm.git @ 1.14.0
  swift-argument-parser: https://github.com/apple/swift-argument-parser @ 1.8.2

note: Using codesigning identity override: -
ComputePackagePrebuildTargetDependencyGraph

Prepare packages

CreateBuildRequest

SendProjectDescription

CreateBuildOperation

ComputeTargetDependencyGraph
note: Building targets in dependency order
note: Target dependency graph (1 target)
    Target 'Web Studio VT' in project 'Web Studio' (no dependencies)

GatherProvisioningInputs

CreateBuildDescription

ExecuteExternalTool /Applications/Xcode.app/Contents/Developer/Toolchains/XcodeDefault.xctoolchain/usr/bin/clang -v -E -dM -isysroot /Applications/Xcode.app/Contents/Developer/Platforms/MacOSX.platform/Developer/SDKs/MacOSX27.0.sdk -x c -c /dev/null

ExecuteExternalTool /Applications/Xcode.app/Contents/Developer/Toolchains/XcodeDefault.xctoolchain/usr/bin/clang -v -E -dM -arch arm64 -isysroot /Applications/Xcode.app/Contents/Developer/Platforms/MacOSX.platform/Developer/SDKs/MacOSX27.0.sdk -x c -c /dev/null

ExecuteExternalTool /Applications/Xcode.app/Contents/Developer/usr/bin/actool --version --output-format xml1

ExecuteExternalTool /Applications/Xcode.app/Contents/Developer/Toolchains/XcodeDefault.xctoolchain/usr/bin/swiftc --version

ExecuteExternalTool /Applications/Xcode.app/Contents/Developer/Toolchains/XcodeDefault.xctoolchain/usr/bin/ld -version_details

Build description signature: f057006f2f5f51c300b88eb102b00071
Build description path: /tmp/web-studio-vt-final/Build/Intermediates.noindex/XCBuildData/f057006f2f5f51c300b88eb102b00071.xcbuilddata
ClangStatCache /Applications/Xcode.app/Contents/Developer/Toolchains/XcodeDefault.xctoolchain/usr/bin/clang-stat-cache /Applications/Xcode.app/Contents/Developer/Platforms/MacOSX.platform/Developer/SDKs/MacOSX27.0.sdk /tmp/web-studio-vt-final/SDKStatCaches.noindex/macosx27.0-26A425-e829b21a6f8c9b70876ba0858053c0447231f6df4def33e022ae2eb8f782df1a.sdkstatcache
    cd /Users/huaodong/workspace/Web\ Studio/Web\ Studio.xcodeproj
    /Applications/Xcode.app/Contents/Developer/Toolchains/XcodeDefault.xctoolchain/usr/bin/clang-stat-cache /Applications/Xcode.app/Contents/Developer/Platforms/MacOSX.platform/Developer/SDKs/MacOSX27.0.sdk -o /tmp/web-studio-vt-final/SDKStatCaches.noindex/macosx27.0-26A425-e829b21a6f8c9b70876ba0858053c0447231f6df4def33e022ae2eb8f782df1a.sdkstatcache

ProcessInfoPlistFile /tmp/web-studio-vt-final/Build/Products/Debug/Web\ Studio\ VT.app/Contents/Info.plist /tmp/web-studio-vt-final/Build/Intermediates.noindex/Web\ Studio.build/Debug/Web\ Studio\ VT.build/empty-Web\ Studio\ VT.plist (in target 'Web Studio VT' from project 'Web Studio')
    cd /Users/huaodong/workspace/Web\ Studio
    builtin-infoPlistUtility /tmp/web-studio-vt-final/Build/Intermediates.noindex/Web\ Studio.build/Debug/Web\ Studio\ VT.build/empty-Web\ Studio\ VT.plist -producttype com.apple.product-type.application -genpkginfo /tmp/web-studio-vt-final/Build/Products/Debug/Web\ Studio\ VT.app/Contents/PkgInfo -expandbuildsettings -platform macosx -additionalcontentfile /tmp/web-studio-vt-final/Build/Intermediates.noindex/Web\ Studio.build/Debug/Web\ Studio\ VT.build/assetcatalog_generated_info.plist -o /tmp/web-studio-vt-final/Build/Products/Debug/Web\ Studio\ VT.app/Contents/Info.plist

SwiftDriver Web\ Studio\ VT normal arm64 com.apple.xcode.tools.swift.compiler (in target 'Web Studio VT' from project 'Web Studio')
    cd /Users/huaodong/workspace/Web\ Studio
    builtin-SwiftDriver -- /Applications/Xcode.app/Contents/Developer/Toolchains/XcodeDefault.xctoolchain/usr/bin/swiftc -module-name Web_Studio_VT -Onone @/tmp/web-studio-vt-final/Build/Intermediates.noindex/Web\ Studio.build/Debug/Web\ Studio\ VT.build/Objects-normal/arm64/Web\ Studio\ VT.SwiftFileList -DWEB_STUDIO_VT -DDEBUG -DDEBUG -Xcc -DWEB_STUDIO_VT -Xcc -I/Users/huaodong/workspace/Web\ Studio/Vendor/GhosttyVT/include -default-isolation\=MainActor -enable-bare-slash-regex -enable-experimental-feature DebugDescriptionMacro -sdk /Applications/Xcode.app/Contents/Developer/Platforms/MacOSX.platform/Developer/SDKs/MacOSX27.0.sdk -target arm64-apple-macos26.5 -g -module-cache-path /tmp/web-studio-vt-final/ModuleCache.noindex -Xfrontend -serialize-debugging-options -enable-testing -index-store-path /tmp/web-studio-vt-final/Index.noindex/DataStore -Xcc -D_LIBCPP_HARDENING_MODE\=_LIBCPP_HARDENING_MODE_DEBUG -swift-version 5 -I /tmp/web-studio-vt-final/Build/Products/Debug -I /Users/huaodong/workspace/Web\ Studio/scripts -F /tmp/web-studio-vt-final/Build/Products/Debug -c -j10 -enable-batch-mode -incremental -Xcc -ivfsstatcache -Xcc /tmp/web-studio-vt-final/SDKStatCaches.noindex/macosx27.0-26A425-e829b21a6f8c9b70876ba0858053c0447231f6df4def33e022ae2eb8f782df1a.sdkstatcache -output-file-map /tmp/web-studio-vt-final/Build/Intermediates.noindex/Web\ Studio.build/Debug/Web\ Studio\ VT.build/Objects-normal/arm64/Web\ Studio\ VT-OutputFileMap.json -save-temps -no-color-diagnostics -explicit-module-build -module-cache-path /tmp/web-studio-vt-final/Build/Intermediates.noindex/SwiftExplicitPrecompiledModules -clang-scanner-module-cache-path /tmp/web-studio-vt-final/ModuleCache.noindex -sdk-module-cache-path /tmp/web-studio-vt-final/SDKExplicitPrecompiledModules -emit-dependencies -emit-module -emit-module-path /tmp/web-studio-vt-final/Build/Intermediates.noindex/Web\ Studio.build/Debug/Web\ Studio\ VT.build/Objects-normal/arm64/Web_Studio_VT.swiftmodule -serialize-diagnostics -dependency-scan-serialize-diagnostics-path /tmp/web-studio-vt-final/Build/Intermediates.noindex/Web\ Studio.build/Debug/Web\ Studio\ VT.build/Objects-normal/arm64/Web_Studio_VT-dependency-scan.dia -validate-clang-modules-once -clang-build-session-file /tmp/web-studio-vt-final/ModuleCache.noindex/Session.modulevalidation -Xcc -fmodules-prune-interval\=86400 -Xcc -fmodules-prune-after\=345600 -emit-const-values -const-gather-protocols-list /tmp/web-studio-vt-final/Build/Intermediates.noindex/Web\ Studio.build/Debug/Web\ Studio\ VT.build/Objects-normal/arm64/Web\ Studio\ VT_const_extract_protocols.json -Xcc -iquote -Xcc /tmp/web-studio-vt-final/Build/Intermediates.noindex/Web\ Studio.build/Debug/Web\ Studio\ VT.build/Web\ Studio\ VT-generated-files.hmap -Xcc -I/tmp/web-studio-vt-final/Build/Intermediates.noindex/Web\ Studio.build/Debug/Web\ Studio\ VT.build/Web\ Studio\ VT-own-target-headers.hmap -Xcc -I/tmp/web-studio-vt-final/Build/Intermediates.noindex/Web\ Studio.build/Debug/Web\ Studio\ VT.build/Web\ Studio\ VT-all-target-headers.hmap -Xcc -iquote -Xcc /tmp/web-studio-vt-final/Build/Intermediates.noindex/Web\ Studio.build/Debug/Web\ Studio\ VT.build/Web\ Studio\ VT-project-headers.hmap -Xcc -I/tmp/web-studio-vt-final/Build/Products/Debug/include -Xcc -I/Users/huaodong/workspace/Web\ Studio/Web -Xcc -IStudio -Xcc -I/Users/huaodong/workspace/Web\ Studio/Vendor/GhosttyVT/include -Xcc -I/tmp/web-studio-vt-final/Build/Intermediates.noindex/Web\ Studio.build/Debug/Web\ Studio\ VT.build/DerivedSources-normal/arm64 -Xcc -I/tmp/web-studio-vt-final/Build/Intermediates.noindex/Web\ Studio.build/Debug/Web\ Studio\ VT.build/DerivedSources/arm64 -Xcc -I/tmp/web-studio-vt-final/Build/Intermediates.noindex/Web\ Studio.build/Debug/Web\ Studio\ VT.build/DerivedSources -Xcc -DWEB_STUDIO_VT\=1 -Xcc -DDEBUG\=1 -Xcc -DDEBUG\=1 -emit-objc-header -emit-objc-header-path /tmp/web-studio-vt-final/Build/Intermediates.noindex/Web\ Studio.build/Debug/Web\ Studio\ VT.build/Objects-normal/arm64/Web_Studio_VT-Swift.h -import-objc-header /Users/huaodong/workspace/Web\ Studio/Web\ Studio/Web\ Studio-Bridging-Header.h -working-directory /Users/huaodong/workspace/Web\ Studio -experimental-emit-module-separately -disable-cmo

SwiftGeneratePch normal arm64 Compiling\ bridging\ header (in target 'Web Studio VT' from project 'Web Studio')

SwiftDriverJobDiscovery normal arm64 Compiling bridging header (in target 'Web Studio VT' from project 'Web Studio')

SwiftCompile normal arm64 Compiling\ AgentService.swift /Users/huaodong/workspace/Web\ Studio/Web\ Studio/AgentService.swift (in target 'Web Studio VT' from project 'Web Studio')

SwiftCompile normal arm64 /Users/huaodong/workspace/Web\ Studio/Web\ Studio/AgentService.swift (in target 'Web Studio VT' from project 'Web Studio')
    cd /Users/huaodong/workspace/Web\ Studio
    builtin-SwiftPerFileCompile AgentService.swift

/Users/huaodong/workspace/Web Studio/Web Studio/AgentService.swift:120:43: warning: main actor-isolated static property 'fixed' cannot be accessed from outside of the actor; this is an error in the Swift 6 language mode
118 |         try? FileManager.default.createDirectory(at: directory, withIntermediateDirectories: true)
119 |         defer { try? FileManager.default.removeItem(at: directory) }
120 |         var arguments = CodexCLIArguments.fixed + ["--cd", directory.path]
    |                                           `- warning: main actor-isolated static property 'fixed' cannot be accessed from outside of the actor; this is an error in the Swift 6 language mode
121 |         if !request.configuration.model.isEmpty { arguments += ["-m", request.configuration.model] }
122 |         let payload = try Self.payload(for: request)
SwiftEmitModule normal arm64 Emitting\ module\ for\ Web_Studio_VT (in target 'Web Studio VT' from project 'Web Studio')

SwiftCompile normal arm64 (in target 'Web Studio VT' from project 'Web Studio')
    cd /Users/huaodong/workspace/Web\ Studio
    

SwiftDriverJobDiscovery normal arm64 Compiling AgentService.swift (in target 'Web Studio VT' from project 'Web Studio')

SwiftCompile normal arm64 Compiling\ ProviderSettings.swift /Users/huaodong/workspace/Web\ Studio/Web\ Studio/ProviderSettings.swift (in target 'Web Studio VT' from project 'Web Studio')

SwiftCompile normal arm64 /Users/huaodong/workspace/Web\ Studio/Web\ Studio/ProviderSettings.swift (in target 'Web Studio VT' from project 'Web Studio')
    cd /Users/huaodong/workspace/Web\ Studio
    builtin-SwiftPerFileCompile ProviderSettings.swift

SwiftCompile normal arm64 Compiling\ ContentView.swift /Users/huaodong/workspace/Web\ Studio/Web\ Studio/ContentView.swift (in target 'Web Studio VT' from project 'Web Studio')

SwiftCompile normal arm64 /Users/huaodong/workspace/Web\ Studio/Web\ Studio/ContentView.swift (in target 'Web Studio VT' from project 'Web Studio')
    cd /Users/huaodong/workspace/Web\ Studio
    builtin-SwiftPerFileCompile ContentView.swift

SwiftCompile normal arm64 Compiling\ AgentController.swift /Users/huaodong/workspace/Web\ Studio/Web\ Studio/AgentController.swift (in target 'Web Studio VT' from project 'Web Studio')

SwiftCompile normal arm64 /Users/huaodong/workspace/Web\ Studio/Web\ Studio/AgentController.swift (in target 'Web Studio VT' from project 'Web Studio')
    cd /Users/huaodong/workspace/Web\ Studio
    builtin-SwiftPerFileCompile AgentController.swift

SwiftCompile normal arm64 Compiling\ AgentViews.swift /Users/huaodong/workspace/Web\ Studio/Web\ Studio/AgentViews.swift (in target 'Web Studio VT' from project 'Web Studio')

SwiftCompile normal arm64 /Users/huaodong/workspace/Web\ Studio/Web\ Studio/AgentViews.swift (in target 'Web Studio VT' from project 'Web Studio')
    cd /Users/huaodong/workspace/Web\ Studio
    builtin-SwiftPerFileCompile AgentViews.swift

SwiftDriverJobDiscovery normal arm64 Compiling ProviderSettings.swift (in target 'Web Studio VT' from project 'Web Studio')

SwiftDriverJobDiscovery normal arm64 Emitting module for Web_Studio_VT (in target 'Web Studio VT' from project 'Web Studio')

SwiftDriver\ Compilation\ Requirements Web\ Studio\ VT normal arm64 com.apple.xcode.tools.swift.compiler (in target 'Web Studio VT' from project 'Web Studio')
    cd /Users/huaodong/workspace/Web\ Studio
    builtin-Swift-Compilation-Requirements -- /Applications/Xcode.app/Contents/Developer/Toolchains/XcodeDefault.xctoolchain/usr/bin/swiftc -module-name Web_Studio_VT -Onone @/tmp/web-studio-vt-final/Build/Intermediates.noindex/Web\ Studio.build/Debug/Web\ Studio\ VT.build/Objects-normal/arm64/Web\ Studio\ VT.SwiftFileList -DWEB_STUDIO_VT -DDEBUG -DDEBUG -Xcc -DWEB_STUDIO_VT -Xcc -I/Users/huaodong/workspace/Web\ Studio/Vendor/GhosttyVT/include -default-isolation\=MainActor -enable-bare-slash-regex -enable-experimental-feature DebugDescriptionMacro -sdk /Applications/Xcode.app/Contents/Developer/Platforms/MacOSX.platform/Developer/SDKs/MacOSX27.0.sdk -target arm64-apple-macos26.5 -g -module-cache-path /tmp/web-studio-vt-final/ModuleCache.noindex -Xfrontend -serialize-debugging-options -enable-testing -index-store-path /tmp/web-studio-vt-final/Index.noindex/DataStore -Xcc -D_LIBCPP_HARDENING_MODE\=_LIBCPP_HARDENING_MODE_DEBUG -swift-version 5 -I /tmp/web-studio-vt-final/Build/Products/Debug -I /Users/huaodong/workspace/Web\ Studio/scripts -F /tmp/web-studio-vt-final/Build/Products/Debug -c -j10 -enable-batch-mode -incremental -Xcc -ivfsstatcache -Xcc /tmp/web-studio-vt-final/SDKStatCaches.noindex/macosx27.0-26A425-e829b21a6f8c9b70876ba0858053c0447231f6df4def33e022ae2eb8f782df1a.sdkstatcache -output-file-map /tmp/web-studio-vt-final/Build/Intermediates.noindex/Web\ Studio.build/Debug/Web\ Studio\ VT.build/Objects-normal/arm64/Web\ Studio\ VT-OutputFileMap.json -save-temps -no-color-diagnostics -explicit-module-build -module-cache-path /tmp/web-studio-vt-final/Build/Intermediates.noindex/SwiftExplicitPrecompiledModules -clang-scanner-module-cache-path /tmp/web-studio-vt-final/ModuleCache.noindex -sdk-module-cache-path /tmp/web-studio-vt-final/SDKExplicitPrecompiledModules -emit-dependencies -emit-module -emit-module-path /tmp/web-studio-vt-final/Build/Intermediates.noindex/Web\ Studio.build/Debug/Web\ Studio\ VT.build/Objects-normal/arm64/Web_Studio_VT.swiftmodule -serialize-diagnostics -dependency-scan-serialize-diagnostics-path /tmp/web-studio-vt-final/Build/Intermediates.noindex/Web\ Studio.build/Debug/Web\ Studio\ VT.build/Objects-normal/arm64/Web_Studio_VT-dependency-scan.dia -validate-clang-modules-once -clang-build-session-file /tmp/web-studio-vt-final/ModuleCache.noindex/Session.modulevalidation -Xcc -fmodules-prune-interval\=86400 -Xcc -fmodules-prune-after\=345600 -emit-const-values -const-gather-protocols-list /tmp/web-studio-vt-final/Build/Intermediates.noindex/Web\ Studio.build/Debug/Web\ Studio\ VT.build/Objects-normal/arm64/Web\ Studio\ VT_const_extract_protocols.json -Xcc -iquote -Xcc /tmp/web-studio-vt-final/Build/Intermediates.noindex/Web\ Studio.build/Debug/Web\ Studio\ VT.build/Web\ Studio\ VT-generated-files.hmap -Xcc -I/tmp/web-studio-vt-final/Build/Intermediates.noindex/Web\ Studio.build/Debug/Web\ Studio\ VT.build/Web\ Studio\ VT-own-target-headers.hmap -Xcc -I/tmp/web-studio-vt-final/Build/Intermediates.noindex/Web\ Studio.build/Debug/Web\ Studio\ VT.build/Web\ Studio\ VT-all-target-headers.hmap -Xcc -iquote -Xcc /tmp/web-studio-vt-final/Build/Intermediates.noindex/Web\ Studio.build/Debug/Web\ Studio\ VT.build/Web\ Studio\ VT-project-headers.hmap -Xcc -I/tmp/web-studio-vt-final/Build/Products/Debug/include -Xcc -I/Users/huaodong/workspace/Web\ Studio/Web -Xcc -IStudio -Xcc -I/Users/huaodong/workspace/Web\ Studio/Vendor/GhosttyVT/include -Xcc -I/tmp/web-studio-vt-final/Build/Intermediates.noindex/Web\ Studio.build/Debug/Web\ Studio\ VT.build/DerivedSources-normal/arm64 -Xcc -I/tmp/web-studio-vt-final/Build/Intermediates.noindex/Web\ Studio.build/Debug/Web\ Studio\ VT.build/DerivedSources/arm64 -Xcc -I/tmp/web-studio-vt-final/Build/Intermediates.noindex/Web\ Studio.build/Debug/Web\ Studio\ VT.build/DerivedSources -Xcc -DWEB_STUDIO_VT\=1 -Xcc -DDEBUG\=1 -Xcc -DDEBUG\=1 -emit-objc-header -emit-objc-header-path /tmp/web-studio-vt-final/Build/Intermediates.noindex/Web\ Studio.build/Debug/Web\ Studio\ VT.build/Objects-normal/arm64/Web_Studio_VT-Swift.h -import-objc-header /Users/huaodong/workspace/Web\ Studio/Web\ Studio/Web\ Studio-Bridging-Header.h -working-directory /Users/huaodong/workspace/Web\ Studio -experimental-emit-module-separately -disable-cmo

SwiftDriverJobDiscovery normal arm64 Compiling AgentController.swift (in target 'Web Studio VT' from project 'Web Studio')

Copy /tmp/web-studio-vt-final/Build/Products/Debug/Web_Studio_VT.swiftmodule/arm64-apple-macos.abi.json /tmp/web-studio-vt-final/Build/Intermediates.noindex/Web\ Studio.build/Debug/Web\ Studio\ VT.build/Objects-normal/arm64/Web_Studio_VT.abi.json (in target 'Web Studio VT' from project 'Web Studio')
    cd /Users/huaodong/workspace/Web\ Studio
    builtin-copy -exclude .DS_Store -exclude CVS -exclude .svn -exclude .git -exclude .hg -resolve-src-symlinks -rename /tmp/web-studio-vt-final/Build/Intermediates.noindex/Web\ Studio.build/Debug/Web\ Studio\ VT.build/Objects-normal/arm64/Web_Studio_VT.abi.json /tmp/web-studio-vt-final/Build/Products/Debug/Web_Studio_VT.swiftmodule/arm64-apple-macos.abi.json

Copy /tmp/web-studio-vt-final/Build/Products/Debug/Web_Studio_VT.swiftmodule/Project/arm64-apple-macos.swiftsourceinfo /tmp/web-studio-vt-final/Build/Intermediates.noindex/Web\ Studio.build/Debug/Web\ Studio\ VT.build/Objects-normal/arm64/Web_Studio_VT.swiftsourceinfo (in target 'Web Studio VT' from project 'Web Studio')
    cd /Users/huaodong/workspace/Web\ Studio
    builtin-copy -exclude .DS_Store -exclude CVS -exclude .svn -exclude .git -exclude .hg -resolve-src-symlinks -rename /tmp/web-studio-vt-final/Build/Intermediates.noindex/Web\ Studio.build/Debug/Web\ Studio\ VT.build/Objects-normal/arm64/Web_Studio_VT.swiftsourceinfo /tmp/web-studio-vt-final/Build/Products/Debug/Web_Studio_VT.swiftmodule/Project/arm64-apple-macos.swiftsourceinfo

Copy /tmp/web-studio-vt-final/Build/Products/Debug/Web_Studio_VT.swiftmodule/arm64-apple-macos.swiftmodule /tmp/web-studio-vt-final/Build/Intermediates.noindex/Web\ Studio.build/Debug/Web\ Studio\ VT.build/Objects-normal/arm64/Web_Studio_VT.swiftmodule (in target 'Web Studio VT' from project 'Web Studio')
    cd /Users/huaodong/workspace/Web\ Studio
    builtin-copy -exclude .DS_Store -exclude CVS -exclude .svn -exclude .git -exclude .hg -resolve-src-symlinks -rename /tmp/web-studio-vt-final/Build/Intermediates.noindex/Web\ Studio.build/Debug/Web\ Studio\ VT.build/Objects-normal/arm64/Web_Studio_VT.swiftmodule /tmp/web-studio-vt-final/Build/Products/Debug/Web_Studio_VT.swiftmodule/arm64-apple-macos.swiftmodule

SwiftDriverJobDiscovery normal arm64 Compiling AgentViews.swift (in target 'Web Studio VT' from project 'Web Studio')

SwiftDriverJobDiscovery normal arm64 Compiling ContentView.swift (in target 'Web Studio VT' from project 'Web Studio')

SwiftDriver\ Compilation Web\ Studio\ VT normal arm64 com.apple.xcode.tools.swift.compiler (in target 'Web Studio VT' from project 'Web Studio')
    cd /Users/huaodong/workspace/Web\ Studio
    builtin-Swift-Compilation -- /Applications/Xcode.app/Contents/Developer/Toolchains/XcodeDefault.xctoolchain/usr/bin/swiftc -module-name Web_Studio_VT -Onone @/tmp/web-studio-vt-final/Build/Intermediates.noindex/Web\ Studio.build/Debug/Web\ Studio\ VT.build/Objects-normal/arm64/Web\ Studio\ VT.SwiftFileList -DWEB_STUDIO_VT -DDEBUG -DDEBUG -Xcc -DWEB_STUDIO_VT -Xcc -I/Users/huaodong/workspace/Web\ Studio/Vendor/GhosttyVT/include -default-isolation\=MainActor -enable-bare-slash-regex -enable-experimental-feature DebugDescriptionMacro -sdk /Applications/Xcode.app/Contents/Developer/Platforms/MacOSX.platform/Developer/SDKs/MacOSX27.0.sdk -target arm64-apple-macos26.5 -g -module-cache-path /tmp/web-studio-vt-final/ModuleCache.noindex -Xfrontend -serialize-debugging-options -enable-testing -index-store-path /tmp/web-studio-vt-final/Index.noindex/DataStore -Xcc -D_LIBCPP_HARDENING_MODE\=_LIBCPP_HARDENING_MODE_DEBUG -swift-version 5 -I /tmp/web-studio-vt-final/Build/Products/Debug -I /Users/huaodong/workspace/Web\ Studio/scripts -F /tmp/web-studio-vt-final/Build/Products/Debug -c -j10 -enable-batch-mode -incremental -Xcc -ivfsstatcache -Xcc /tmp/web-studio-vt-final/SDKStatCaches.noindex/macosx27.0-26A425-e829b21a6f8c9b70876ba0858053c0447231f6df4def33e022ae2eb8f782df1a.sdkstatcache -output-file-map /tmp/web-studio-vt-final/Build/Intermediates.noindex/Web\ Studio.build/Debug/Web\ Studio\ VT.build/Objects-normal/arm64/Web\ Studio\ VT-OutputFileMap.json -save-temps -no-color-diagnostics -explicit-module-build -module-cache-path /tmp/web-studio-vt-final/Build/Intermediates.noindex/SwiftExplicitPrecompiledModules -clang-scanner-module-cache-path /tmp/web-studio-vt-final/ModuleCache.noindex -sdk-module-cache-path /tmp/web-studio-vt-final/SDKExplicitPrecompiledModules -emit-dependencies -emit-module -emit-module-path /tmp/web-studio-vt-final/Build/Intermediates.noindex/Web\ Studio.build/Debug/Web\ Studio\ VT.build/Objects-normal/arm64/Web_Studio_VT.swiftmodule -serialize-diagnostics -dependency-scan-serialize-diagnostics-path /tmp/web-studio-vt-final/Build/Intermediates.noindex/Web\ Studio.build/Debug/Web\ Studio\ VT.build/Objects-normal/arm64/Web_Studio_VT-dependency-scan.dia -validate-clang-modules-once -clang-build-session-file /tmp/web-studio-vt-final/ModuleCache.noindex/Session.modulevalidation -Xcc -fmodules-prune-interval\=86400 -Xcc -fmodules-prune-after\=345600 -emit-const-values -const-gather-protocols-list /tmp/web-studio-vt-final/Build/Intermediates.noindex/Web\ Studio.build/Debug/Web\ Studio\ VT.build/Objects-normal/arm64/Web\ Studio\ VT_const_extract_protocols.json -Xcc -iquote -Xcc /tmp/web-studio-vt-final/Build/Intermediates.noindex/Web\ Studio.build/Debug/Web\ Studio\ VT.build/Web\ Studio\ VT-generated-files.hmap -Xcc -I/tmp/web-studio-vt-final/Build/Intermediates.noindex/Web\ Studio.build/Debug/Web\ Studio\ VT.build/Web\ Studio\ VT-own-target-headers.hmap -Xcc -I/tmp/web-studio-vt-final/Build/Intermediates.noindex/Web\ Studio.build/Debug/Web\ Studio\ VT.build/Web\ Studio\ VT-all-target-headers.hmap -Xcc -iquote -Xcc /tmp/web-studio-vt-final/Build/Intermediates.noindex/Web\ Studio.build/Debug/Web\ Studio\ VT.build/Web\ Studio\ VT-project-headers.hmap -Xcc -I/tmp/web-studio-vt-final/Build/Products/Debug/include -Xcc -I/Users/huaodong/workspace/Web\ Studio/Web -Xcc -IStudio -Xcc -I/Users/huaodong/workspace/Web\ Studio/Vendor/GhosttyVT/include -Xcc -I/tmp/web-studio-vt-final/Build/Intermediates.noindex/Web\ Studio.build/Debug/Web\ Studio\ VT.build/DerivedSources-normal/arm64 -Xcc -I/tmp/web-studio-vt-final/Build/Intermediates.noindex/Web\ Studio.build/Debug/Web\ Studio\ VT.build/DerivedSources/arm64 -Xcc -I/tmp/web-studio-vt-final/Build/Intermediates.noindex/Web\ Studio.build/Debug/Web\ Studio\ VT.build/DerivedSources -Xcc -DWEB_STUDIO_VT\=1 -Xcc -DDEBUG\=1 -Xcc -DDEBUG\=1 -emit-objc-header -emit-objc-header-path /tmp/web-studio-vt-final/Build/Intermediates.noindex/Web\ Studio.build/Debug/Web\ Studio\ VT.build/Objects-normal/arm64/Web_Studio_VT-Swift.h -import-objc-header /Users/huaodong/workspace/Web\ Studio/Web\ Studio/Web\ Studio-Bridging-Header.h -working-directory /Users/huaodong/workspace/Web\ Studio -experimental-emit-module-separately -disable-cmo

Ld /tmp/web-studio-vt-final/Build/Products/Debug/Web\ Studio\ VT.app/Contents/MacOS/Web\ Studio\ VT.debug.dylib normal (in target 'Web Studio VT' from project 'Web Studio')
    cd /Users/huaodong/workspace/Web\ Studio
    /Applications/Xcode.app/Contents/Developer/Toolchains/XcodeDefault.xctoolchain/usr/bin/clang -Xlinker -reproducible -target arm64-apple-macos26.5 -dynamiclib -isysroot /Applications/Xcode.app/Contents/Developer/Platforms/MacOSX.platform/Developer/SDKs/MacOSX27.0.sdk -O0 -Xlinker -no_warn_duplicate_libraries -L/tmp/web-studio-vt-final/Build/Intermediates.noindex/EagerLinkingTBDs/Debug -L/tmp/web-studio-vt-final/Build/Products/Debug -L/Users/huaodong/workspace/Web\ Studio/Vendor/GhosttyVT/lib -F/tmp/web-studio-vt-final/Build/Intermediates.noindex/EagerLinkingTBDs/Debug -F/tmp/web-studio-vt-final/Build/Products/Debug -filelist /tmp/web-studio-vt-final/Build/Intermediates.noindex/Web\ Studio.build/Debug/Web\ Studio\ VT.build/Objects-normal/arm64/Web\ Studio\ VT.LinkFileList -install_name @rpath/Web\ Studio\ VT.debug.dylib -Xlinker -object_path_lto -Xlinker /tmp/web-studio-vt-final/Build/Intermediates.noindex/Web\ Studio.build/Debug/Web\ Studio\ VT.build/Objects-normal/arm64/Web\ Studio\ VT_lto.o -rdynamic -Xlinker -no_deduplicate -Xlinker -dependency_info -Xlinker /tmp/web-studio-vt-final/Build/Intermediates.noindex/Web\ Studio.build/Debug/Web\ Studio\ VT.build/Objects-normal/arm64/Web\ Studio\ VT_dependency_info.dat -fobjc-link-runtime -L/Applications/Xcode.app/Contents/Developer/Toolchains/XcodeDefault.xctoolchain/usr/lib/swift/macosx -L/usr/lib/swift -Xlinker -add_ast_path -Xlinker /tmp/web-studio-vt-final/Build/Intermediates.noindex/Web\ Studio.build/Debug/Web\ Studio\ VT.build/Objects-normal/arm64/Web_Studio_VT.swiftmodule -framework AppKit -framework Metal -framework QuartzCore -framework CoreText -framework Security -framework Foundation -Xlinker -alias -Xlinker _main -Xlinker ___debug_main_executable_dylib_entry_point -lghostty-vt -Xlinker -no_adhoc_codesign -o /tmp/web-studio-vt-final/Build/Products/Debug/Web\ Studio\ VT.app/Contents/MacOS/Web\ Studio\ VT.debug.dylib

ConstructStubExecutorLinkFileList /tmp/web-studio-vt-final/Build/Intermediates.noindex/Web\ Studio.build/Debug/Web\ Studio\ VT.build/Web\ Studio\ VT-ExecutorLinkFileList-normal-arm64.txt (in target 'Web Studio VT' from project 'Web Studio')
    cd /Users/huaodong/workspace/Web\ Studio
    construct-stub-executor-link-file-list /tmp/web-studio-vt-final/Build/Products/Debug/Web\ Studio\ VT.app/Contents/MacOS/Web\ Studio\ VT.debug.dylib /Applications/Xcode.app/Contents/Developer/Platforms/MacOSX.platform/Developer/usr/lib/libPreviewsJITStubExecutor_no_swift_entry_point.a /Applications/Xcode.app/Contents/Developer/Platforms/MacOSX.platform/Developer/usr/lib/libPreviewsJITStubExecutor.a --output /tmp/web-studio-vt-final/Build/Intermediates.noindex/Web\ Studio.build/Debug/Web\ Studio\ VT.build/Web\ Studio\ VT-ExecutorLinkFileList-normal-arm64.txt
note: Using stub executor library with Swift entry point. (in target 'Web Studio VT' from project 'Web Studio')

Ld /tmp/web-studio-vt-final/Build/Products/Debug/Web\ Studio\ VT.app/Contents/MacOS/Web\ Studio\ VT normal (in target 'Web Studio VT' from project 'Web Studio')
    cd /Users/huaodong/workspace/Web\ Studio
    /Applications/Xcode.app/Contents/Developer/Toolchains/XcodeDefault.xctoolchain/usr/bin/clang -Xlinker -reproducible -target arm64-apple-macos26.5 -isysroot /Applications/Xcode.app/Contents/Developer/Platforms/MacOSX.platform/Developer/SDKs/MacOSX27.0.sdk -O0 -Xlinker -no_warn_duplicate_libraries -L/tmp/web-studio-vt-final/Build/Products/Debug -L/Users/huaodong/workspace/Web\ Studio/Vendor/GhosttyVT/lib -F/tmp/web-studio-vt-final/Build/Products/Debug -Xlinker -rpath -Xlinker @executable_path -rdynamic -Xlinker -no_deduplicate -e ___debug_blank_executor_main -Xlinker -sectcreate -Xlinker __TEXT -Xlinker __debug_dylib -Xlinker /tmp/web-studio-vt-final/Build/Intermediates.noindex/Web\ Studio.build/Debug/Web\ Studio\ VT.build/Web\ Studio\ VT-DebugDylibPath-normal-arm64.txt -Xlinker -sectcreate -Xlinker __TEXT -Xlinker __debug_instlnm -Xlinker /tmp/web-studio-vt-final/Build/Intermediates.noindex/Web\ Studio.build/Debug/Web\ Studio\ VT.build/Web\ Studio\ VT-DebugDylibInstallName-normal-arm64.txt -Xlinker -filelist -Xlinker /tmp/web-studio-vt-final/Build/Intermediates.noindex/Web\ Studio.build/Debug/Web\ Studio\ VT.build/Web\ Studio\ VT-ExecutorLinkFileList-normal-arm64.txt /tmp/web-studio-vt-final/Build/Products/Debug/Web\ Studio\ VT.app/Contents/MacOS/Web\ Studio\ VT.debug.dylib -Xlinker -no_adhoc_codesign -o /tmp/web-studio-vt-final/Build/Products/Debug/Web\ Studio\ VT.app/Contents/MacOS/Web\ Studio\ VT

CopySwiftLibs /tmp/web-studio-vt-final/Build/Products/Debug/Web\ Studio\ VT.app (in target 'Web Studio VT' from project 'Web Studio')
    cd /Users/huaodong/workspace/Web\ Studio
    builtin-swiftStdLibTool --copy --verbose --sign - --scan-executable /tmp/web-studio-vt-final/Build/Products/Debug/Web\ Studio\ VT.app/Contents/MacOS/Web\ Studio\ VT.debug.dylib --scan-folder /tmp/web-studio-vt-final/Build/Products/Debug/Web\ Studio\ VT.app/Contents/Frameworks --scan-folder /tmp/web-studio-vt-final/Build/Products/Debug/Web\ Studio\ VT.app/Contents/PlugIns --scan-folder /tmp/web-studio-vt-final/Build/Products/Debug/Web\ Studio\ VT.app/Contents/Library/SystemExtensions --scan-folder /tmp/web-studio-vt-final/Build/Products/Debug/Web\ Studio\ VT.app/Contents/Extensions --platform macosx --toolchain /var/run/com.apple.security.cryptexd/mnt/com.apple.MobileAsset.MetalToolchain-v27.1.266.1.v84ODJ/Metal.xctoolchain --toolchain /Applications/Xcode.app/Contents/Developer/Toolchains/XcodeDefault.xctoolchain --destination /tmp/web-studio-vt-final/Build/Products/Debug/Web\ Studio\ VT.app/Contents/Frameworks --strip-bitcode --strip-bitcode-tool /Applications/Xcode.app/Contents/Developer/Toolchains/XcodeDefault.xctoolchain/usr/bin/bitcode_strip --emit-dependency-info /tmp/web-studio-vt-final/Build/Intermediates.noindex/Web\ Studio.build/Debug/Web\ Studio\ VT.build/SwiftStdLibToolInputDependencies.dep --filter-for-swift-os

ExtractAppIntentsMetadata (in target 'Web Studio VT' from project 'Web Studio')
    cd /Users/huaodong/workspace/Web\ Studio
    /Applications/Xcode.app/Contents/Developer/Toolchains/XcodeDefault.xctoolchain/usr/bin/appintentsmetadataprocessor --toolchain-dir /var/run/com.apple.security.cryptexd/mnt/com.apple.MobileAsset.MetalToolchain-v27.1.266.1.v84ODJ/Metal.xctoolchain --module-name Web_Studio_VT --sdk-root /Applications/Xcode.app/Contents/Developer/Platforms/MacOSX.platform/Developer/SDKs/MacOSX27.0.sdk --xcode-version 27A266a --platform-family macOS --deployment-target 26.5 --bundle-identifier com.huaodong.Web-Studio.VTFinal20260916 --output /tmp/web-studio-vt-final/Build/Products/Debug/Web\ Studio\ VT.app/Contents/Resources --target-triple arm64-apple-macos26.5 --binary-file /tmp/web-studio-vt-final/Build/Products/Debug/Web\ Studio\ VT.app/Contents/MacOS/Web\ Studio\ VT --dependency-file /tmp/web-studio-vt-final/Build/Intermediates.noindex/Web\ Studio.build/Debug/Web\ Studio\ VT.build/Objects-normal/arm64/Web\ Studio\ VT_dependency_info.dat --stringsdata-file /tmp/web-studio-vt-final/Build/Intermediates.noindex/Web\ Studio.build/Debug/Web\ Studio\ VT.build/Objects-normal/arm64/ExtractedAppShortcutsMetadata.stringsdata --source-file-list /tmp/web-studio-vt-final/Build/Intermediates.noindex/Web\ Studio.build/Debug/Web\ Studio\ VT.build/Objects-normal/arm64/Web\ Studio\ VT.SwiftFileList --metadata-file-list /tmp/web-studio-vt-final/Build/Intermediates.noindex/Web\ Studio.build/Debug/Web\ Studio\ VT.build/Web\ Studio\ VT.DependencyMetadataFileList --static-metadata-file-list /tmp/web-studio-vt-final/Build/Intermediates.noindex/Web\ Studio.build/Debug/Web\ Studio\ VT.build/Web\ Studio\ VT.DependencyStaticMetadataFileList --swift-const-vals-list /tmp/web-studio-vt-final/Build/Intermediates.noindex/Web\ Studio.build/Debug/Web\ Studio\ VT.build/Objects-normal/arm64/Web\ Studio\ VT.SwiftConstValuesFileList --compile-time-extraction --deployment-aware-processing --no-app-shortcuts-localization
2026-09-16 13:43:30.450 appintentsmetadataprocessor[98404:54895301] Starting appintentsmetadataprocessor export
2026-09-16 13:43:30.454 appintentsmetadataprocessor[98404:54895301] warning: Metadata extraction skipped, no AppIntents.framework dependency found

CodeSign /tmp/web-studio-vt-final/Build/Products/Debug/Web\ Studio\ VT.app/Contents/MacOS/Web\ Studio\ VT.debug.dylib (in target 'Web Studio VT' from project 'Web Studio')
    cd /Users/huaodong/workspace/Web\ Studio
    
    Signing Identity:     "Sign to Run Locally"
    
    /usr/bin/codesign --force --sign - --timestamp\=none --generate-entitlement-der /tmp/web-studio-vt-final/Build/Products/Debug/Web\ Studio\ VT.app/Contents/MacOS/Web\ Studio\ VT.debug.dylib

CodeSign /tmp/web-studio-vt-final/Build/Products/Debug/Web\ Studio\ VT.app/Contents/MacOS/__preview.dylib (in target 'Web Studio VT' from project 'Web Studio')
    cd /Users/huaodong/workspace/Web\ Studio
    
    Signing Identity:     "Sign to Run Locally"
    
    /usr/bin/codesign --force --sign - --timestamp\=none --generate-entitlement-der /tmp/web-studio-vt-final/Build/Products/Debug/Web\ Studio\ VT.app/Contents/MacOS/__preview.dylib
/tmp/web-studio-vt-final/Build/Products/Debug/Web Studio VT.app/Contents/MacOS/__preview.dylib: replacing existing signature

CodeSign /tmp/web-studio-vt-final/Build/Products/Debug/Web\ Studio\ VT.app (in target 'Web Studio VT' from project 'Web Studio')
    cd /Users/huaodong/workspace/Web\ Studio
    
    Signing Identity:     "Sign to Run Locally"
    
    /usr/bin/codesign --force --sign - --entitlements /tmp/web-studio-vt-final/Build/Intermediates.noindex/Web\ Studio.build/Debug/Web\ Studio\ VT.build/Web\ Studio\ VT.app.xcent --timestamp\=none --generate-entitlement-der /tmp/web-studio-vt-final/Build/Products/Debug/Web\ Studio\ VT.app

Validate /tmp/web-studio-vt-final/Build/Products/Debug/Web\ Studio\ VT.app (in target 'Web Studio VT' from project 'Web Studio')
    cd /Users/huaodong/workspace/Web\ Studio
    builtin-validationUtility /tmp/web-studio-vt-final/Build/Products/Debug/Web\ Studio\ VT.app -no-validate-extension -infoplist-subpath Contents/Info.plist

RegisterWithLaunchServices /tmp/web-studio-vt-final/Build/Products/Debug/Web\ Studio\ VT.app (in target 'Web Studio VT' from project 'Web Studio')
    cd /Users/huaodong/workspace/Web\ Studio
    builtin-lsregisterurl --record-path /tmp/web-studio-vt-final/Build/Intermediates.noindex/XCBuildData/registered-launchservices.txt -- /System/Library/Frameworks/CoreServices.framework/Versions/Current/Frameworks/LaunchServices.framework/Versions/Current/Support/lsregister -f -R -trusted /tmp/web-studio-vt-final/Build/Products/Debug/Web\ Studio\ VT.app

PruneExplicitPrecompiledModules /tmp/web-studio-vt-final/SDKExplicitPrecompiledModules

PruneExplicitPrecompiledModules /tmp/web-studio-vt-final/Build/Intermediates.noindex/ExplicitPrecompiledModules

PruneExplicitPrecompiledModules /tmp/web-studio-vt-final/Build/Intermediates.noindex/SwiftExplicitPrecompiledModules

** BUILD SUCCEEDED **

