/Users/huaodong/workspace/Web Studio/scripts/terminal-pty-transport-swift-smoke.swift:13:10: warning: instance method 'lock' is unavailable from asynchronous contexts; Use async-safe scoped locking instead; this is an error in the Swift 6 language mode
11 |     t.start(executable: "/bin/zsh", argv: ["/bin/zsh", "-df"], environment: ["TERM":"xterm-256color","PATH":"/usr/bin:/bin"], directory: nil, columns: 80, rows: 24)
12 |     precondition(done.wait(timeout: .now() + 3) == .success)
13 |     lock.lock(); let text = String(decoding: output, as: UTF8.self); let accepted = ok; lock.unlock()
   |          `- warning: instance method 'lock' is unavailable from asynchronous contexts; Use async-safe scoped locking instead; this is an error in the Swift 6 language mode
14 |     precondition(accepted && text.contains("SWIFT_READY"))
15 |     let stream = TerminalPTYTransport()

Foundation.NSLock.lock:2:11: note: 'lock()' declared here
1 | class NSLock {
2 | open func lock()}
  |           `- note: 'lock()' declared here
3 | 

/Users/huaodong/workspace/Web Studio/scripts/terminal-pty-transport-swift-smoke.swift:13:94: warning: instance method 'unlock' is unavailable from asynchronous contexts; Use async-safe scoped locking instead; this is an error in the Swift 6 language mode
11 |     t.start(executable: "/bin/zsh", argv: ["/bin/zsh", "-df"], environment: ["TERM":"xterm-256color","PATH":"/usr/bin:/bin"], directory: nil, columns: 80, rows: 24)
12 |     precondition(done.wait(timeout: .now() + 3) == .success)
13 |     lock.lock(); let text = String(decoding: output, as: UTF8.self); let accepted = ok; lock.unlock()
   |                                                                                              `- warning: instance method 'unlock' is unavailable from asynchronous contexts; Use async-safe scoped locking instead; this is an error in the Swift 6 language mode
14 |     precondition(accepted && text.contains("SWIFT_READY"))
15 |     let stream = TerminalPTYTransport()

Foundation.NSLock.unlock:2:11: note: 'unlock()' declared here
1 | class NSLock {
2 | open func unlock()}
  |           `- note: 'unlock()' declared here
3 | 

/Users/huaodong/workspace/Web Studio/scripts/terminal-pty-transport-swift-smoke.swift:28:16: warning: instance method 'lock' is unavailable from asynchronous contexts; Use async-safe scoped locking instead; this is an error in the Swift 6 language mode
26 |     stream.start(executable: "/bin/sh", argv: ["/bin/sh", "-f"], environment: ["PATH":"/usr/bin:/bin"], directory: nil, columns: 80, rows: 24)
27 |     precondition(streamDone.wait(timeout: .now() + 5) == .success)
28 |     streamLock.lock(); let streamedData = streamOutput; let streamed = String(decoding: streamedData, as: UTF8.self); streamLock.unlock()
   |                `- warning: instance method 'lock' is unavailable from asynchronous contexts; Use async-safe scoped locking instead; this is an error in the Swift 6 language mode
29 |     precondition(streamedData.count >= 1_100_000 && streamed.contains("STREAM_MARK"))
30 |     let pressure = TerminalPTYTransport()

Foundation.NSLock.lock:2:11: note: 'lock()' declared here
1 | class NSLock {
2 | open func lock()}
  |           `- note: 'lock()' declared here
3 | 

/Users/huaodong/workspace/Web Studio/scripts/terminal-pty-transport-swift-smoke.swift:28:130: warning: instance method 'unlock' is unavailable from asynchronous contexts; Use async-safe scoped locking instead; this is an error in the Swift 6 language mode
26 |     stream.start(executable: "/bin/sh", argv: ["/bin/sh", "-f"], environment: ["PATH":"/usr/bin:/bin"], directory: nil, columns: 80, rows: 24)
27 |     precondition(streamDone.wait(timeout: .now() + 5) == .success)
28 |     streamLock.lock(); let streamedData = streamOutput; let streamed = String(decoding: streamedData, as: UTF8.self); streamLock.unlock()
   |                                                                                                                                  `- warning: instance method 'unlock' is unavailable from asynchronous contexts; Use async-safe scoped locking instead; this is an error in the Swift 6 language mode
29 |     precondition(streamedData.count >= 1_100_000 && streamed.contains("STREAM_MARK"))
30 |     let pressure = TerminalPTYTransport()

Foundation.NSLock.unlock:2:11: note: 'unlock()' declared here
1 | class NSLock {
2 | open func unlock()}
  |           `- note: 'unlock()' declared here
3 | 

/Users/huaodong/workspace/Web Studio/scripts/terminal-pty-transport-swift-smoke.swift:32:12: warning: class method 'sleep' is unavailable from asynchronous contexts; Use Task.sleep(until:clock:) instead.; this is an error in the Swift 6 language mode
30 |     let pressure = TerminalPTYTransport()
31 |     pressure.start(executable: "/bin/sleep", argv: ["/bin/sleep", "10"], environment: ["PATH":"/usr/bin:/bin"], directory: nil, columns: 80, rows: 24)
32 |     Thread.sleep(forTimeInterval: 0.1)
   |            `- warning: class method 'sleep' is unavailable from asynchronous contexts; Use Task.sleep(until:clock:) instead.; this is an error in the Swift 6 language mode
33 |     precondition(pressure.write(Data(repeating: 0x41, count: 256 * 1024)))
34 |     precondition(!pressure.write(Data(repeating: 0x42, count: 1)))

Foundation.Thread.sleep:2:17: note: 'sleep(forTimeInterval:)' declared here
1 | class Thread {
2 | open class func sleep(forTimeInterval ti: TimeInterval)}
  |                 `- note: 'sleep(forTimeInterval:)' declared here
3 | 

/Users/huaodong/workspace/Web Studio/scripts/terminal-pty-transport-swift-smoke.swift:41:12: warning: class method 'sleep' is unavailable from asynchronous contexts; Use Task.sleep(until:clock:) instead.; this is an error in the Swift 6 language mode
39 |     await sleeper.closeAndWait(); precondition(exited.wait(timeout: .now()) == .success); sleeper.close()
40 |     let natural = TerminalPTYTransport(); natural.start(executable: "/bin/sh", argv: ["/bin/sh", "-c", "exit 0"], environment: ["PATH":"/usr/bin:/bin"], directory: nil, columns: 80, rows: 24)
41 |     Thread.sleep(forTimeInterval: 0.2); await natural.closeAndWait(); precondition(!natural.write(Data("x".utf8))); await natural.closeAndWait()
   |            `- warning: class method 'sleep' is unavailable from asynchronous contexts; Use Task.sleep(until:clock:) instead.; this is an error in the Swift 6 language mode
42 |     let before = TerminalPTYTransport(); await before.closeAndWait(); before.close(); before.start(executable: "/bin/sleep", argv: ["/bin/sleep", "10"], environment: ["PATH":"/usr/bin:/bin"], directory: nil, columns: 80, rows: 24); Thread.sleep(forTimeInterval: 0.1); precondition(before.currentPID() == nil)
43 |     guard let fixturePath = ProcessInfo.processInfo.environment["FIXTURE_PATH"] else { fatalError("missing fixture") }

Foundation.Thread.sleep:2:17: note: 'sleep(forTimeInterval:)' declared here
1 | class Thread {
2 | open class func sleep(forTimeInterval ti: TimeInterval)}
  |                 `- note: 'sleep(forTimeInterval:)' declared here
3 | 

/Users/huaodong/workspace/Web Studio/scripts/terminal-pty-transport-swift-smoke.swift:42:240: warning: class method 'sleep' is unavailable from asynchronous contexts; Use Task.sleep(until:clock:) instead.; this is an error in the Swift 6 language mode
40 |     let natural = TerminalPTYTransport(); natural.start(executable: "/bin/sh", argv: ["/bin/sh", "-c", "exit 0"], environment: ["PATH":"/usr/bin:/bin"], directory: nil, columns: 80, rows: 24)
41 |     Thread.sleep(forTimeInterval: 0.2); await natural.closeAndWait(); precondition(!natural.write(Data("x".utf8))); await natural.closeAndWait()
42 |     let before = TerminalPTYTransport(); await before.closeAndWait(); before.close(); before.start(executable: "/bin/sleep", argv: ["/bin/sleep", "10"], environment: ["PATH":"/usr/bin:/bin"], directory: nil, columns: 80, rows: 24); Thread.sleep(forTimeInterval: 0.1); precondition(before.currentPID() == nil)
   |                                                                                                                                                                                                                                                `- warning: class method 'sleep' is unavailable from asynchronous contexts; Use Task.sleep(until:clock:) instead.; this is an error in the Swift 6 language mode
43 |     guard let fixturePath = ProcessInfo.processInfo.environment["FIXTURE_PATH"] else { fatalError("missing fixture") }
44 |     let unrelated = Process(); unrelated.executableURL = URL(fileURLWithPath: "/bin/sleep"); unrelated.arguments = ["10"]; try! unrelated.run()

Foundation.Thread.sleep:2:17: note: 'sleep(forTimeInterval:)' declared here
1 | class Thread {
2 | open class func sleep(forTimeInterval ti: TimeInterval)}
  |                 `- note: 'sleep(forTimeInterval:)' declared here
3 | 

/Users/huaodong/workspace/Web Studio/scripts/terminal-pty-transport-swift-smoke.swift:50:30: warning: class method 'sleep' is unavailable from asynchronous contexts; Use Task.sleep(until:clock:) instead.; this is an error in the Swift 6 language mode
48 |     resistant.start(executable: fixturePath, argv: [fixturePath], environment: ["PATH":"/usr/bin:/bin"], directory: nil, columns: 80, rows: 24)
49 |     var childPID: pid_t = -1
50 |     for _ in 0..<50 { Thread.sleep(forTimeInterval: 0.02); resistantLock.lock(); let text = String(decoding: resistantOutput, as: UTF8.self); resistantLock.unlock(); if let range = text.range(of: "CHILD_PID="), let value = Int32(text[range.upperBound...].prefix(while: { $0.isNumber })) { childPID = pid_t(value); break } }
   |                              `- warning: class method 'sleep' is unavailable from asynchronous contexts; Use Task.sleep(until:clock:) instead.; this is an error in the Swift 6 language mode
51 |     precondition(childPID > 0)
52 |     await resistant.closeAndWait(); precondition(resistantDone.wait(timeout: .now()) == .success)

Foundation.Thread.sleep:2:17: note: 'sleep(forTimeInterval:)' declared here
1 | class Thread {
2 | open class func sleep(forTimeInterval ti: TimeInterval)}
  |                 `- note: 'sleep(forTimeInterval:)' declared here
3 | 

/Users/huaodong/workspace/Web Studio/scripts/terminal-pty-transport-swift-smoke.swift:50:74: warning: instance method 'lock' is unavailable from asynchronous contexts; Use async-safe scoped locking instead; this is an error in the Swift 6 language mode
48 |     resistant.start(executable: fixturePath, argv: [fixturePath], environment: ["PATH":"/usr/bin:/bin"], directory: nil, columns: 80, rows: 24)
49 |     var childPID: pid_t = -1
50 |     for _ in 0..<50 { Thread.sleep(forTimeInterval: 0.02); resistantLock.lock(); let text = String(decoding: resistantOutput, as: UTF8.self); resistantLock.unlock(); if let range = text.range(of: "CHILD_PID="), let value = Int32(text[range.upperBound...].prefix(while: { $0.isNumber })) { childPID = pid_t(value); break } }
   |                                                                          `- warning: instance method 'lock' is unavailable from asynchronous contexts; Use async-safe scoped locking instead; this is an error in the Swift 6 language mode
51 |     precondition(childPID > 0)
52 |     await resistant.closeAndWait(); precondition(resistantDone.wait(timeout: .now()) == .success)

Foundation.NSLock.lock:2:11: note: 'lock()' declared here
1 | class NSLock {
2 | open func lock()}
  |           `- note: 'lock()' declared here
3 | 

/Users/huaodong/workspace/Web Studio/scripts/terminal-pty-transport-swift-smoke.swift:50:157: warning: instance method 'unlock' is unavailable from asynchronous contexts; Use async-safe scoped locking instead; this is an error in the Swift 6 language mode
48 |     resistant.start(executable: fixturePath, argv: [fixturePath], environment: ["PATH":"/usr/bin:/bin"], directory: nil, columns: 80, rows: 24)
49 |     var childPID: pid_t = -1
50 |     for _ in 0..<50 { Thread.sleep(forTimeInterval: 0.02); resistantLock.lock(); let text = String(decoding: resistantOutput, as: UTF8.self); resistantLock.unlock(); if let range = text.range(of: "CHILD_PID="), let value = Int32(text[range.upperBound...].prefix(while: { $0.isNumber })) { childPID = pid_t(value); break } }
   |                                                                                                                                                             `- warning: instance method 'unlock' is unavailable from asynchronous contexts; Use async-safe scoped locking instead; this is an error in the Swift 6 language mode
51 |     precondition(childPID > 0)
52 |     await resistant.closeAndWait(); precondition(resistantDone.wait(timeout: .now()) == .success)

Foundation.NSLock.unlock:2:11: note: 'unlock()' declared here
1 | class NSLock {
2 | open func unlock()}
  |           `- note: 'unlock()' declared here
3 | 

/Users/huaodong/workspace/Web Studio/scripts/terminal-pty-transport-swift-smoke.swift:54:19: warning: instance method 'lock' is unavailable from asynchronous contexts; Use async-safe scoped locking instead; this is an error in the Swift 6 language mode
52 |     await resistant.closeAndWait(); precondition(resistantDone.wait(timeout: .now()) == .success)
53 |     let childCheck = kill(childPID, 0); precondition(childCheck != 0 && errno == ESRCH); precondition(unrelated.isRunning); unrelated.terminate(); unrelated.waitUntilExit()
54 |     resistantLock.lock(); precondition(exitCallbacks == 1); resistantLock.unlock()
   |                   `- warning: instance method 'lock' is unavailable from asynchronous contexts; Use async-safe scoped locking instead; this is an error in the Swift 6 language mode
55 |     print("Swift TerminalPTYTransport smoke passed")
56 |   }

Foundation.NSLock.lock:2:11: note: 'lock()' declared here
1 | class NSLock {
2 | open func lock()}
  |           `- note: 'lock()' declared here
3 | 

/Users/huaodong/workspace/Web Studio/scripts/terminal-pty-transport-swift-smoke.swift:54:75: warning: instance method 'unlock' is unavailable from asynchronous contexts; Use async-safe scoped locking instead; this is an error in the Swift 6 language mode
52 |     await resistant.closeAndWait(); precondition(resistantDone.wait(timeout: .now()) == .success)
53 |     let childCheck = kill(childPID, 0); precondition(childCheck != 0 && errno == ESRCH); precondition(unrelated.isRunning); unrelated.terminate(); unrelated.waitUntilExit()
54 |     resistantLock.lock(); precondition(exitCallbacks == 1); resistantLock.unlock()
   |                                                                           `- warning: instance method 'unlock' is unavailable from asynchronous contexts; Use async-safe scoped locking instead; this is an error in the Swift 6 language mode
55 |     print("Swift TerminalPTYTransport smoke passed")
56 |   }

Foundation.NSLock.unlock:2:11: note: 'unlock()' declared here
1 | class NSLock {
2 | open func unlock()}
  |           `- note: 'unlock()' declared here
3 | 
Swift TerminalPTYTransport smoke passed
